<html>
<body>
<pre>
<h1>µVision Build Log</h1>
<h2>Tool Versions:</h2>
IDE-Version: ¦ÌVision V5.36.0.0
Copyright (C) 2021 ARM Ltd and ARM Germany GmbH. All rights reserved.
License Information: LIU 8618150600805, 1, LIC=MPPLD-8HDQN-NNSAF-6LKEY-E5BI9-T4TGN
 
Tool Versions:
Toolchain:       MDK-ARM Plus  Version: 5.36.0.0
Toolchain Path:  D:\KEIL\ARM\ARMCC\Bin
C Compiler:      Armcc.exe V5.06 update 7 (build 960)
Assembler:       Armasm.exe V5.06 update 7 (build 960)
Linker/Locator:  ArmLink.exe V5.06 update 7 (build 960)
Library Manager: ArmAr.exe V5.06 update 7 (build 960)
Hex Converter:   FromElf.exe V5.06 update 7 (build 960)
CPU DLL:         SARMCM3.DLL V5.36.0.0
Dialog DLL:      DCM.DLL V1.17.3.0
Target DLL:      STLink\ST-LINKIII-KEIL_SWO.dll V3.0.9.0
Dialog DLL:      TCM.DLL V1.53.0.0
 
<h2>Project:</h2>
D:\handing\mycar\MDK-ARM\handingdriver.uvprojx
Project File Date:  10/15/2022

<h2>Output:</h2>
*** Using Compiler 'V5.06 update 7 (build 960)', folder: 'D:\KEIL\ARM\ARMCC\Bin'
Build target 'handingdriver'
assembling startup_stm32f427xx.s...
compiling usart.c...
compiling gpio.c...
compiling i2c.c...
compiling stm32f4xx_it.c...
compiling dma.c...
compiling stm32f4xx_hal_msp.c...
compiling stm32f4xx_hal_timebase_tim.c...
compiling tim.c...
compiling can.c...
compiling spi.c...
compiling stm32f4xx_hal_flash.c...
compiling stm32f4xx_hal_rcc_ex.c...
compiling stm32f4xx_hal_rcc.c...
compiling stm32f4xx_hal_can.c...
compiling freertos.c...
compiling main.c...
../User/servo.h(10): warning:  #1-D: last line of file ends without a newline
  #endif
../Core/Src/main.c: 1 warning, 0 errors
compiling stm32f4xx_hal_flash_ex.c...
compiling stm32f4xx_hal_flash_ramfunc.c...
compiling stm32f4xx_hal_gpio.c...
compiling croutine.c...
compiling event_groups.c...
compiling list.c...
compiling queue.c...
compiling stream_buffer.c...
compiling stm32f4xx_hal_dma_ex.c...
compiling timers.c...
compiling stm32f4xx_hal_pwr_ex.c...
compiling stm32f4xx_hal_pwr.c...
compiling stm32f4xx_hal_dma.c...
compiling stm32f4xx_hal_cortex.c...
compiling tasks.c...
compiling stm32f4xx_hal.c...
compiling stm32f4xx_hal_i2c_ex.c...
compiling heap_4.c...
compiling cmsis_os.c...
compiling stm32f4xx_hal_exti.c...
compiling handtask.c...
..\User\servo.h(10): warning:  #1-D: last line of file ends without a newline
  #endif
..\User\handtask.c(11): warning:  #1-D: last line of file ends without a newline
  }
..\User\handtask.c: 2 warnings, 0 errors
compiling port.c...
compiling stm32f4xx_hal_spi.c...
compiling stm32f4xx_hal_tim_ex.c...
compiling stm32f4xx_hal_uart.c...
compiling stm32f4xx_hal_i2c.c...
compiling stm32f4xx_hal_tim.c...
compiling system_stm32f4xx.c...
compiling gotask.c...
compiling ist8310driver.c...
..\Bsp\ist8310driver.c(155): warning:  #1-D: last line of file ends without a newline
  }
..\Bsp\ist8310driver.c: 1 warning, 0 errors
compiling motor.c...
compiling getdatatask.c...
..\User\getdatatask.c(79): warning:  #1-D: last line of file ends without a newline
  }
..\User\getdatatask.c: 1 warning, 0 errors
compiling servo.c...
..\User\servo.h(10): warning:  #1-D: last line of file ends without a newline
  #endif
..\User\servo.c(29): warning:  #1-D: last line of file ends without a newline
  }
..\User\servo.c: 2 warnings, 0 errors
compiling ist8310driver_middleware.c...
compiling pid.c...
linking...
Program Size: Code=21048 RO-data=664 RW-data=244 ZI-data=21620  
FromELF: creating hex file...
"handingdriver\handingdriver.axf" - 0 Error(s), 7 Warning(s).

<h2>Software Packages used:</h2>

Package Vendor: ARM
                http://www.keil.com/pack/ARM.CMSIS.5.8.0.pack
                ARM.CMSIS.5.8.0
                CMSIS (Common Microcontroller Software Interface Standard)
   * Component: CORE Version: 5.5.0

Package Vendor: Keil
                http://www.keil.com/pack/Keil.STM32F4xx_DFP.2.16.0.pack
                Keil.STM32F4xx_DFP.2.16.0
                STMicroelectronics STM32F4 Series Device Support, Drivers and Examples

<h2>Collection of Component include folders:</h2>
  .\RTE\_handingdriver
  D:\KEIL\ARM\CMSIS\5.8.0\CMSIS\Core\Include
  D:\KEIL\Keil\STM32F4xx_DFP\2.16.0\Drivers\CMSIS\Device\ST\STM32F4xx\Include

<h2>Collection of Component Files used:</h2>

   * Component: ARM::CMSIS:CORE:5.5.0
      Include file:  CMSIS\Core\Include\tz_context.h
Build Time Elapsed:  00:00:36
</pre>
</body>
</html>
