Component: ARM Compiler 5.06 update 7 (build 960) Tool: armlink [4d3601]

==============================================================================

Section Cross References

    startup_stm32f427xx.o(STACK) refers (Special) to heapauxi.o(.text) for __use_two_region_memory
    startup_stm32f427xx.o(HEAP) refers (Special) to heapauxi.o(.text) for __use_two_region_memory
    startup_stm32f427xx.o(RESET) refers (Special) to heapauxi.o(.text) for __use_two_region_memory
    startup_stm32f427xx.o(RESET) refers to startup_stm32f427xx.o(STACK) for __initial_sp
    startup_stm32f427xx.o(RESET) refers to startup_stm32f427xx.o(.text) for Reset_Handler
    startup_stm32f427xx.o(RESET) refers to stm32f4xx_it.o(i.NMI_Handler) for NMI_Handler
    startup_stm32f427xx.o(RESET) refers to stm32f4xx_it.o(i.HardFault_Handler) for HardFault_Handler
    startup_stm32f427xx.o(RESET) refers to stm32f4xx_it.o(i.MemManage_Handler) for MemManage_Handler
    startup_stm32f427xx.o(RESET) refers to stm32f4xx_it.o(i.BusFault_Handler) for BusFault_Handler
    startup_stm32f427xx.o(RESET) refers to stm32f4xx_it.o(i.UsageFault_Handler) for UsageFault_Handler
    startup_stm32f427xx.o(RESET) refers to port.o(.emb_text) for SVC_Handler
    startup_stm32f427xx.o(RESET) refers to stm32f4xx_it.o(i.DebugMon_Handler) for DebugMon_Handler
    startup_stm32f427xx.o(RESET) refers to port.o(i.SysTick_Handler) for SysTick_Handler
    startup_stm32f427xx.o(RESET) refers to stm32f4xx_it.o(i.EXTI3_IRQHandler) for EXTI3_IRQHandler
    startup_stm32f427xx.o(RESET) refers to stm32f4xx_it.o(i.CAN1_TX_IRQHandler) for CAN1_TX_IRQHandler
    startup_stm32f427xx.o(RESET) refers to stm32f4xx_it.o(i.CAN1_RX0_IRQHandler) for CAN1_RX0_IRQHandler
    startup_stm32f427xx.o(RESET) refers to stm32f4xx_it.o(i.TIM1_UP_TIM10_IRQHandler) for TIM1_UP_TIM10_IRQHandler
    startup_stm32f427xx.o(RESET) refers to stm32f4xx_it.o(i.TIM5_IRQHandler) for TIM5_IRQHandler
    startup_stm32f427xx.o(RESET) refers to stm32f4xx_it.o(i.TIM6_DAC_IRQHandler) for TIM6_DAC_IRQHandler
    startup_stm32f427xx.o(RESET) refers to stm32f4xx_it.o(i.DMA2_Stream2_IRQHandler) for DMA2_Stream2_IRQHandler
    startup_stm32f427xx.o(.text) refers (Special) to heapauxi.o(.text) for __use_two_region_memory
    startup_stm32f427xx.o(.text) refers to system_stm32f4xx.o(i.SystemInit) for SystemInit
    startup_stm32f427xx.o(.text) refers to __main.o(!!!main) for __main
    startup_stm32f427xx.o(.text) refers to startup_stm32f427xx.o(HEAP) for Heap_Mem
    startup_stm32f427xx.o(.text) refers to startup_stm32f427xx.o(STACK) for Stack_Mem
    main.o(i.HAL_TIM_PeriodElapsedCallback) refers to stm32f4xx_hal.o(i.HAL_IncTick) for HAL_IncTick
    main.o(i.SystemClock_Config) refers to rt_memclr_w.o(.text) for __aeabi_memclr4
    main.o(i.SystemClock_Config) refers to stm32f4xx_hal_rcc.o(i.HAL_RCC_OscConfig) for HAL_RCC_OscConfig
    main.o(i.SystemClock_Config) refers to stm32f4xx_hal_pwr_ex.o(i.HAL_PWREx_EnableOverDrive) for HAL_PWREx_EnableOverDrive
    main.o(i.SystemClock_Config) refers to stm32f4xx_hal_rcc.o(i.HAL_RCC_ClockConfig) for HAL_RCC_ClockConfig
    main.o(i.main) refers to stm32f4xx_hal.o(i.HAL_Init) for HAL_Init
    main.o(i.main) refers to main.o(i.SystemClock_Config) for SystemClock_Config
    main.o(i.main) refers to gpio.o(i.MX_GPIO_Init) for MX_GPIO_Init
    main.o(i.main) refers to dma.o(i.MX_DMA_Init) for MX_DMA_Init
    main.o(i.main) refers to can.o(i.MX_CAN1_Init) for MX_CAN1_Init
    main.o(i.main) refers to usart.o(i.MX_USART1_UART_Init) for MX_USART1_UART_Init
    main.o(i.main) refers to tim.o(i.MX_TIM6_Init) for MX_TIM6_Init
    main.o(i.main) refers to tim.o(i.MX_TIM5_Init) for MX_TIM5_Init
    main.o(i.main) refers to i2c.o(i.MX_I2C1_Init) for MX_I2C1_Init
    main.o(i.main) refers to spi.o(i.MX_SPI5_Init) for MX_SPI5_Init
    main.o(i.main) refers to motor.o(i.can_filter_init) for can_filter_init
    main.o(i.main) refers to pid.o(i.PID_SET_Init) for PID_SET_Init
    main.o(i.main) refers to ist8310driver.o(i.ist8310_init) for ist8310_init
    main.o(i.main) refers to servo.o(i.servo_init) for servo_init
    main.o(i.main) refers to freertos.o(i.MX_FREERTOS_Init) for MX_FREERTOS_Init
    main.o(i.main) refers to cmsis_os.o(i.osKernelStart) for osKernelStart
    gpio.o(i.MX_GPIO_Init) refers to rt_memclr_w.o(.text) for __aeabi_memclr4
    gpio.o(i.MX_GPIO_Init) refers to stm32f4xx_hal_gpio.o(i.HAL_GPIO_WritePin) for HAL_GPIO_WritePin
    gpio.o(i.MX_GPIO_Init) refers to stm32f4xx_hal_gpio.o(i.HAL_GPIO_Init) for HAL_GPIO_Init
    gpio.o(i.MX_GPIO_Init) refers to stm32f4xx_hal_cortex.o(i.HAL_NVIC_SetPriority) for HAL_NVIC_SetPriority
    gpio.o(i.MX_GPIO_Init) refers to stm32f4xx_hal_cortex.o(i.HAL_NVIC_EnableIRQ) for HAL_NVIC_EnableIRQ
    freertos.o(i.MX_FREERTOS_Init) refers to rt_memcpy_w.o(.text) for __aeabi_memcpy4
    freertos.o(i.MX_FREERTOS_Init) refers to cmsis_os.o(i.osThreadCreate) for osThreadCreate
[...]
    xNumOfOverflows                          0x20000040   Data           4  tasks.o(.data)
    uxTaskNumber                             0x20000044   Data           4  tasks.o(.data)
    xNextTaskUnblockTime                     0x20000048   Data           4  tasks.o(.data)
    xIdleTaskHandle                          0x2000004c   Data           4  tasks.o(.data)
    uxSchedulerSuspended                     0x20000050   Data           4  tasks.o(.data)
    pxDelayedTaskList                        0x20000054   Data           4  tasks.o(.data)
    pxOverflowDelayedTaskList                0x20000058   Data           4  tasks.o(.data)
    .data                                    0x2000005c   Section       32  heap_4.o(.data)
    pxEnd                                    0x2000005c   Data           4  heap_4.o(.data)
    xFreeBytesRemaining                      0x20000060   Data           4  heap_4.o(.data)
    xMinimumEverFreeBytesRemaining           0x20000064   Data           4  heap_4.o(.data)
    xNumberOfSuccessfulAllocations           0x20000068   Data           4  heap_4.o(.data)
    xNumberOfSuccessfulFrees                 0x2000006c   Data           4  heap_4.o(.data)
    xBlockAllocatedBit                       0x20000070   Data           4  heap_4.o(.data)
    xStart                                   0x20000074   Data           8  heap_4.o(.data)
    .data                                    0x2000007c   Section       12  port.o(.data)
    ucMaxSysCallPriority                     0x2000007c   Data           1  port.o(.data)
    uxCriticalNesting                        0x20000080   Data           4  port.o(.data)
    ulMaxPRIGROUPValue                       0x20000084   Data           4  port.o(.data)
    .data                                    0x20000088   Section        9  motor.o(.data)
    i                                        0x20000088   Data           1  motor.o(.data)
    .data                                    0x20000094   Section       20  gotask.o(.data)
    .data                                    0x200000a8   Section        4  gotask.o(.data)
    .data                                    0x200000ac   Section       16  servo.o(.data)
    .data                                    0x200000bc   Section        4  handtask.o(.data)
    .data                                    0x200000c0   Section       48  getdatatask.o(.data)
    count                                    0x200000d4   Data           4  getdatatask.o(.data)
    line_count                               0x200000d8   Data           4  getdatatask.o(.data)
    .data                                    0x200000f0   Section        4  ist8310driver.o(.data)
    .bss                                     0x200000f4   Section      596  freertos.o(.bss)
    xIdleTaskTCBBuffer                       0x200000f4   Data          84  freertos.o(.bss)
    xIdleStack                               0x20000148   Data         512  freertos.o(.bss)
    .bss                                     0x20000348   Section       40  can.o(.bss)
    .bss                                     0x20000370   Section       84  i2c.o(.bss)
    .bss                                     0x200003c4   Section       88  spi.o(.bss)
    .bss                                     0x2000041c   Section      144  tim.o(.bss)
    .bss                                     0x200004ac   Section      164  usart.o(.bss)
    .bss                                     0x20000550   Section       72  stm32f4xx_hal_timebase_tim.o(.bss)
    .bss                                     0x20000598   Section      240  tasks.o(.bss)
    pxReadyTasksLists                        0x20000598   Data         140  tasks.o(.bss)
    xDelayedTaskList1                        0x20000624   Data          20  tasks.o(.bss)
    xDelayedTaskList2                        0x20000638   Data          20  tasks.o(.bss)
    xPendingReadyList                        0x2000064c   Data          20  tasks.o(.bss)
    xTasksWaitingTermination                 0x20000660   Data          20  tasks.o(.bss)
    xSuspendedTaskList                       0x20000674   Data          20  tasks.o(.bss)
    .bss                                     0x20000688   Section    15360  heap_4.o(.bss)
    ucHeap                                   0x20000688   Data       15360  heap_4.o(.bss)
    .bss                                     0x20004288   Section       96  motor.o(.bss)
    .bss                                     0x200042e8   Section     3040  pid.o(.bss)
    .bss                                     0x20004ec8   Section       48  gotask.o(.bss)
    .bss                                     0x20004ef8   Section       12  ist8310driver.o(.bss)
    .bss                                     0x20004f04   Section       96  libspace.o(.bss)
    HEAP                                     0x20004f68   Section      512  startup_stm32f427xx.o(HEAP)
    Heap_Mem                                 0x20004f68   Data         512  startup_stm32f427xx.o(HEAP)
    STACK                                    0x20005168   Section     1024  startup_stm32f427xx.o(STACK)
    Stack_Mem                                0x20005168   Data        1024  startup_stm32f427xx.o(STACK)
    __initial_sp                             0x20005568   Data           0  startup_stm32f427xx.o(STACK)

    Global Symbols

    Symbol Name                              Value     Ov Type        Size  Object(Section)

    BuildAttributes$$THM_ISAv4$E$P$D$K$B$S$7EM$VFPi3$EXTD16$VFPS$VFMA$PE$A:L22UL41UL21$X:L11$S22US41US21$IEEE1$IW$USESV6$~STKCKD$USESV7$~SHL$OSPACE$ROPI$EBA8$UX$STANDARDLIB$REQ8$PRES8$EABIv2 0x00000000   Number         0  anon$$obj.o ABSOLUTE
    __ARM_use_no_argv                        0x00000000   Number         0  main.o ABSOLUTE
    __ARM_exceptions_init                     - Undefined Weak Reference
    __alloca_initialize                       - Undefined Weak Reference
    __arm_fini_                               - Undefined Weak Reference
    __arm_preinit_                            - Undefined Weak Reference
    __cpp_initialize__aeabi_                  - Undefined Weak Reference
    __cxa_finalize                            - Undefined Weak Reference
    __rt_locale                               - Undefined Weak Reference
    __sigvec_lookup                           - Undefined Weak Reference
    _atexit_init                              - Undefined Weak Reference
    _call_atexit_fns                          - Undefined Weak Reference
    _clock_init                               - Undefined Weak Reference
    _fp_trap_init                             - Undefined Weak Reference
    _fp_trap_shutdown                         - Undefined Weak Reference
    _get_lc_collate                           - Undefined Weak Reference
    _get_lc_ctype                             - Undefined Weak Reference
    _get_lc_monetary                          - Undefined Weak Reference
    _get_lc_numeric                           - Undefined Weak Reference
    _get_lc_time                              - Undefined Weak Reference
    _getenv_init                              - Undefined Weak Reference
    _handle_redirection                       - Undefined Weak Reference
    _init_alloc                               - Undefined Weak Reference
    _init_user_alloc                          - Undefined Weak Reference
    _initio                                   - Undefined Weak Reference
    _rand_init                                - Undefined Weak Reference
    _signal_finish                            - Undefined Weak Reference
    _signal_init                              - Undefined Weak Reference
    _terminate_alloc                          - Undefined Weak Reference
    _terminate_user_alloc                     - Undefined Weak Reference
    _terminateio                              - Undefined Weak Reference
    __Vectors_Size                           0x000001ac   Number         0  startup_stm32f427xx.o ABSOLUTE
    __Vectors                                0x08000000   Data           4  startup_stm32f427xx.o(RESET)
    __Vectors_End                            0x080001ac   Data           0  startup_stm32f427xx.o(RESET)
    __main                                   0x080001ad   Thumb Code     8  __main.o(!!!main)
    __scatterload                            0x080001b5   Thumb Code     0  __scatter.o(!!!scatter)
    __scatterload_rt2                        0x080001b5   Thumb Code    44  __scatter.o(!!!scatter)
    __scatterload_rt2_thumb_only             0x080001b5   Thumb Code     0  __scatter.o(!!!scatter)
    __scatterload_null                       0x080001c3   Thumb Code     0  __scatter.o(!!!scatter)
    __scatterload_copy                       0x080001e9   Thumb Code    26  __scatter_copy.o(!!handler_copy)
    __scatterload_zeroinit                   0x08000205   Thumb Code    28  __scatter_zi.o(!!handler_zi)
    __rt_lib_init                            0x08000221   Thumb Code     0  libinit.o(.ARM.Collect$$libinit$$00000000)
    __rt_lib_init_fp_1                       0x08000223   Thumb Code     0  libinit2.o(.ARM.Collect$$libinit$$00000001)
    __rt_lib_init_alloca_1                   0x08000227   Thumb Code     0  libinit2.o(.ARM.Collect$$libinit$$0000002E)
    __rt_lib_init_argv_1                     0x08000227   Thumb Code     0  libinit2.o(.ARM.Collect$$libinit$$0000002C)
    __rt_lib_init_atexit_1                   0x08000227   Thumb Code     0  libinit2.o(.ARM.Collect$$libinit$$0000001B)
    __rt_lib_init_clock_1                    0x08000227   Thumb Code     0  libinit2.o(.ARM.Collect$$libinit$$00000021)
    __rt_lib_init_cpp_1                      0x08000227   Thumb Code     0  libinit2.o(.ARM.Collect$$libinit$$00000032)
    __rt_lib_init_exceptions_1               0x08000227   Thumb Code     0  libinit2.o(.ARM.Collect$$libinit$$00000030)
    __rt_lib_init_fp_trap_1                  0x08000227   Thumb Code     0  libinit2.o(.ARM.Collect$$libinit$$0000001F)
    __rt_lib_init_getenv_1                   0x08000227   Thumb Code     0  libinit2.o(.ARM.Collect$$libinit$$00000023)
    __rt_lib_init_heap_1                     0x08000227   Thumb Code     0  libinit2.o(.ARM.Collect$$libinit$$0000000A)
    __rt_lib_init_lc_collate_1               0x08000227   Thumb Code     0  libinit2.o(.ARM.Collect$$libinit$$00000011)
    __rt_lib_init_lc_ctype_1                 0x08000227   Thumb Code     0  libinit2.o(.ARM.Collect$$libinit$$00000013)
    __rt_lib_init_lc_monetary_1              0x08000227   Thumb Code     0  libinit2.o(.ARM.Collect$$libinit$$00000015)
    __rt_lib_init_lc_numeric_1               0x08000227   Thumb Code     0  libinit2.o(.ARM.Collect$$libinit$$00000017)
    __rt_lib_init_lc_time_1                  0x08000227   Thumb Code     0  libinit2.o(.ARM.Collect$$libinit$$00000019)
    __rt_lib_init_preinit_1                  0x08000227   Thumb Code     0  libinit2.o(.ARM.Collect$$libinit$$00000004)
    __rt_lib_init_rand_1                     0x08000227   Thumb Code     0  libinit2.o(.ARM.Collect$$libinit$$0000000E)
    __rt_lib_init_return                     0x08000227   Thumb Code     0  libinit2.o(.ARM.Collect$$libinit$$00000033)
    __rt_lib_init_signal_1                   0x08000227   Thumb Code     0  libinit2.o(.ARM.Collect$$libinit$$0000001D)
    __rt_lib_init_stdio_1                    0x08000227   Thumb Code     0  libinit2.o(.ARM.Collect$$libinit$$00000025)
    __rt_lib_init_user_alloc_1               0x08000227   Thumb Code     0  libinit2.o(.ARM.Collect$$libinit$$0000000C)
    __rt_lib_shutdown                        0x08000229   Thumb Code     0  libshutdown.o(.ARM.Collect$$libshutdown$$00000000)
    __rt_lib_shutdown_cpp_1                  0x0800022b   Thumb Code     0  libshutdown2.o(.ARM.Collect$$libshutdown$$00000004)
    __rt_lib_shutdown_fini_1                 0x0800022b   Thumb Code     0  libshutdown2.o(.ARM.Collect$$libshutdown$$00000002)
    __rt_lib_shutdown_fp_trap_1              0x0800022b   Thumb Code     0  libshutdown2.o(.ARM.Collect$$libshutdown$$00000009)
    __rt_lib_shutdown_heap_1                 0x0800022b   Thumb Code     0  libshutdown2.o(.ARM.Collect$$libshutdown$$00000011)
    __rt_lib_shutdown_return                 0x0800022b   Thumb Code     0  libshutdown2.o(.ARM.Collect$$libshutdown$$00000012)
    __rt_lib_shutdown_signal_1               0x0800022b   Thumb Code     0  libshutdown2.o(.ARM.Collect$$libshutdown$$0000000C)
    __rt_lib_shutdown_stdio_1                0x0800022b   Thumb Code     0  libshutdown2.o(.ARM.Collect$$libshutdown$$00000006)
    __rt_lib_shutdown_user_alloc_1           0x0800022b   Thumb Code     0  libshutdown2.o(.ARM.Collect$$libshutdown$$0000000E)
    __rt_entry                               0x0800022d   Thumb Code     0  __rtentry.o(.ARM.Collect$$rtentry$$00000000)
    __rt_entry_presh_1                       0x0800022d   Thumb Code     0  __rtentry2.o(.ARM.Collect$$rtentry$$00000002)
    __rt_entry_sh                            0x0800022d   Thumb Code     0  __rtentry4.o(.ARM.Collect$$rtentry$$00000004)
    __rt_entry_li                            0x08000233   Thumb Code     0  __rtentry2.o(.ARM.Collect$$rtentry$$0000000A)
    __rt_entry_postsh_1                      0x08000233   Thumb Code     0  __rtentry2.o(.ARM.Collect$$rtentry$$00000009)
    __rt_entry_main                          0x08000237   Thumb Code     0  __rtentry2.o(.ARM.Collect$$rtentry$$0000000D)
    __rt_entry_postli_1                      0x08000237   Thumb Code     0  __rtentry2.o(.ARM.Collect$$rtentry$$0000000C)
    __rt_exit                                0x0800023f   Thumb Code     0  rtexit.o(.ARM.Collect$$rtexit$$00000000)
    __rt_exit_ls                             0x08000241   Thumb Code     0  rtexit2.o(.ARM.Collect$$rtexit$$00000003)
    __rt_exit_prels_1                        0x08000241   Thumb Code     0  rtexit2.o(.ARM.Collect$$rtexit$$00000002)
    __rt_exit_exit                           0x08000245   Thumb Code     0  rtexit2.o(.ARM.Collect$$rtexit$$00000004)
    SVC_Handler                              0x0800024d   Thumb Code    28  port.o(.emb_text)
    __asm___6_port_c_39a90d8d__prvStartFirstTask 0x0800026d   Thumb Code    36  port.o(.emb_text)
    __asm___6_port_c_39a90d8d__prvEnableVFP  0x08000295   Thumb Code    16  port.o(.emb_text)
    PendSV_Handler                           0x080002a9   Thumb Code    88  port.o(.emb_text)
    vPortGetIPSR                             0x08000305   Thumb Code     6  port.o(.emb_text)
    Reset_Handler                            0x0800030d   Thumb Code     8  startup_stm32f427xx.o(.text)
    ADC_IRQHandler                           0x08000327   Thumb Code     0  startup_stm32f427xx.o(.text)
    CAN1_RX1_IRQHandler                      0x08000327   Thumb Code     0  startup_stm32f427xx.o(.text)
    CAN1_SCE_IRQHandler                      0x08000327   Thumb Code     0  startup_stm32f427xx.o(.text)
    CAN2_RX0_IRQHandler                      0x08000327   Thumb Code     0  startup_stm32f427xx.o(.text)
    CAN2_RX1_IRQHandler                      0x08000327   Thumb Code     0  startup_stm32f427xx.o(.text)
    CAN2_SCE_IRQHandler                      0x08000327   Thumb Code     0  startup_stm32f427xx.o(.text)
    CAN2_TX_IRQHandler                       0x08000327   Thumb Code     0  startup_stm32f427xx.o(.text)
    DCMI_IRQHandler                          0x08000327   Thumb Code     0  startup_stm32f427xx.o(.text)
    DMA1_Stream0_IRQHandler                  0x08000327   Thumb Code     0  startup_stm32f427xx.o(.text)
    DMA1_Stream1_IRQHandler                  0x08000327   Thumb Code     0  startup_stm32f427xx.o(.text)
    DMA1_Stream2_IRQHandler                  0x08000327   Thumb Code     0  startup_stm32f427xx.o(.text)
    DMA1_Stream3_IRQHandler                  0x08000327   Thumb Code     0  startup_stm32f427xx.o(.text)
    DMA1_Stream4_IRQHandler                  0x08000327   Thumb Code     0  startup_stm32f427xx.o(.text)
    DMA1_Stream5_IRQHandler                  0x08000327   Thumb Code     0  startup_stm32f427xx.o(.text)
    DMA1_Stream6_IRQHandler                  0x08000327   Thumb Code     0  startup_stm32f427xx.o(.text)
    DMA1_Stream7_IRQHandler                  0x08000327   Thumb Code     0  startup_stm32f427xx.o(.text)
    DMA2D_IRQHandler                         0x08000327   Thumb Code     0  startup_stm32f427xx.o(.text)
    DMA2_Stream0_IRQHandler                  0x08000327   Thumb Code     0  startup_stm32f427xx.o(.text)
    DMA2_Stream1_IRQHandler                  0x08000327   Thumb Code     0  startup_stm32f427xx.o(.text)
    DMA2_Stream3_IRQHandler                  0x08000327   Thumb Code     0  startup_stm32f427xx.o(.text)
    DMA2_Stream4_IRQHandler                  0x08000327   Thumb Code     0  startup_stm32f427xx.o(.text)
    DMA2_Stream5_IRQHandler                  0x08000327   Thumb Code     0  startup_stm32f427xx.o(.text)
    DMA2_Stream6_IRQHandler                  0x08000327   Thumb Code     0  startup_stm32f427xx.o(.text)
    DMA2_Stream7_IRQHandler                  0x08000327   Thumb Code     0  startup_stm32f427xx.o(.text)
    ETH_IRQHandler                           0x08000327   Thumb Code     0  startup_stm32f427xx.o(.text)
    ETH_WKUP_IRQHandler                      0x08000327   Thumb Code     0  startup_stm32f427xx.o(.text)
    EXTI0_IRQHandler                         0x08000327   Thumb Code     0  startup_stm32f427xx.o(.text)
    EXTI15_10_IRQHandler                     0x08000327   Thumb Code     0  startup_stm32f427xx.o(.text)
    EXTI1_IRQHandler                         0x08000327   Thumb Code     0  startup_stm32f427xx.o(.text)
    EXTI2_IRQHandler                         0x08000327   Thumb Code     0  startup_stm32f427xx.o(.text)
    EXTI4_IRQHandler                         0x08000327   Thumb Code     0  startup_stm32f427xx.o(.text)
    EXTI9_5_IRQHandler                       0x08000327   Thumb Code     0  startup_stm32f427xx.o(.text)
    FLASH_IRQHandler                         0x08000327   Thumb Code     0  startup_stm32f427xx.o(.text)
    FMC_IRQHandler                           0x08000327   Thumb Code     0  startup_stm32f427xx.o(.text)
    FPU_IRQHandler                           0x08000327   Thumb Code     0  startup_stm32f427xx.o(.text)
    HASH_RNG_IRQHandler                      0x08000327   Thumb Code     0  startup_stm32f427xx.o(.text)
    I2C1_ER_IRQHandler                       0x08000327   Thumb Code     0  startup_stm32f427xx.o(.text)
    I2C1_EV_IRQHandler                       0x08000327   Thumb Code     0  startup_stm32f427xx.o(.text)
    I2C2_ER_IRQHandler                       0x08000327   Thumb Code     0  startup_stm32f427xx.o(.text)
    I2C2_EV_IRQHandler                       0x08000327   Thumb Code     0  startup_stm32f427xx.o(.text)
    I2C3_ER_IRQHandler                       0x08000327   Thumb Code     0  startup_stm32f427xx.o(.text)
    I2C3_EV_IRQHandler                       0x08000327   Thumb Code     0  startup_stm32f427xx.o(.text)
    OTG_FS_IRQHandler                        0x08000327   Thumb Code     0  startup_stm32f427xx.o(.text)
    OTG_FS_WKUP_IRQHandler                   0x08000327   Thumb Code     0  startup_stm32f427xx.o(.text)
    OTG_HS_EP1_IN_IRQHandler                 0x08000327   Thumb Code     0  startup_stm32f427xx.o(.text)
    OTG_HS_EP1_OUT_IRQHandler                0x08000327   Thumb Code     0  startup_stm32f427xx.o(.text)
    OTG_HS_IRQHandler                        0x08000327   Thumb Code     0  startup_stm32f427xx.o(.text)
    OTG_HS_WKUP_IRQHandler                   0x08000327   Thumb Code     0  startup_stm32f427xx.o(.text)
    PVD_IRQHandler                           0x08000327   Thumb Code     0  startup_stm32f427xx.o(.text)
    RCC_IRQHandler                           0x08000327   Thumb Code     0  startup_stm32f427xx.o(.text)
    RTC_Alarm_IRQHandler                     0x08000327   Thumb Code     0  startup_stm32f427xx.o(.text)
    RTC_WKUP_IRQHandler                      0x08000327   Thumb Code     0  startup_stm32f427xx.o(.text)
    SAI1_IRQHandler                          0x08000327   Thumb Code     0  startup_stm32f427xx.o(.text)
    SDIO_IRQHandler                          0x08000327   Thumb Code     0  startup_stm32f427xx.o(.text)
    SPI1_IRQHandler                          0x08000327   Thumb Code     0  startup_stm32f427xx.o(.text)
    SPI2_IRQHandler                          0x08000327   Thumb Code     0  startup_stm32f427xx.o(.text)
    SPI3_IRQHandler                          0x08000327   Thumb Code     0  startup_stm32f427xx.o(.text)
    SPI4_IRQHandler                          0x08000327   Thumb Code     0  startup_stm32f427xx.o(.text)
    SPI5_IRQHandler                          0x08000327   Thumb Code     0  startup_stm32f427xx.o(.text)
    SPI6_IRQHandler                          0x08000327   Thumb Code     0  startup_stm32f427xx.o(.text)
    TAMP_STAMP_IRQHandler                    0x08000327   Thumb Code     0  startup_stm32f427xx.o(.text)
    TIM1_BRK_TIM9_IRQHandler                 0x08000327   Thumb Code     0  startup_stm32f427xx.o(.text)
    TIM1_CC_IRQHandler                       0x08000327   Thumb Code     0  startup_stm32f427xx.o(.text)
    TIM1_TRG_COM_TIM11_IRQHandler            0x08000327   Thumb Code     0  startup_stm32f427xx.o(.text)
    TIM2_IRQHandler                          0x08000327   Thumb Code     0  startup_stm32f427xx.o(.text)
    TIM3_IRQHandler                          0x08000327   Thumb Code     0  startup_stm32f427xx.o(.text)
    TIM4_IRQHandler                          0x08000327   Thumb Code     0  startup_stm32f427xx.o(.text)
    TIM7_IRQHandler                          0x08000327   Thumb Code     0  startup_stm32f427xx.o(.text)
    TIM8_BRK_TIM12_IRQHandler                0x08000327   Thumb Code     0  startup_stm32f427xx.o(.text)
    TIM8_CC_IRQHandler                       0x08000327   Thumb Code     0  startup_stm32f427xx.o(.text)
    TIM8_TRG_COM_TIM14_IRQHandler            0x08000327   Thumb Code     0  startup_stm32f427xx.o(.text)
    TIM8_UP_TIM13_IRQHandler                 0x08000327   Thumb Code     0  startup_stm32f427xx.o(.text)
    UART4_IRQHandler                         0x08000327   Thumb Code     0  startup_stm32f427xx.o(.text)
    UART5_IRQHandler                         0x08000327   Thumb Code     0  startup_stm32f427xx.o(.text)
    UART7_IRQHandler                         0x08000327   Thumb Code     0  startup_stm32f427xx.o(.text)
    UART8_IRQHandler                         0x08000327   Thumb Code     0  startup_stm32f427xx.o(.text)
    USART1_IRQHandler                        0x08000327   Thumb Code     0  startup_stm32f427xx.o(.text)
    USART2_IRQHandler                        0x08000327   Thumb Code     0  startup_stm32f427xx.o(.text)
    USART3_IRQHandler                        0x08000327   Thumb Code     0  startup_stm32f427xx.o(.text)
    USART6_IRQHandler                        0x08000327   Thumb Code     0  startup_stm32f427xx.o(.text)
    WWDG_IRQHandler                          0x08000327   Thumb Code     0  startup_stm32f427xx.o(.text)
    __user_initial_stackheap                 0x08000329   Thumb Code     0  startup_stm32f427xx.o(.text)
    __aeabi_uldivmod                         0x0800034d   Thumb Code     0  lludivv7m.o(.text)
    _ll_udiv                                 0x0800034d   Thumb Code   238  lludivv7m.o(.text)
    __aeabi_memcpy4                          0x0800043b   Thumb Code     0  rt_memcpy_w.o(.text)
    __aeabi_memcpy8                          0x0800043b   Thumb Code     0  rt_memcpy_w.o(.text)
    __rt_memcpy_w                            0x0800043b   Thumb Code   100  rt_memcpy_w.o(.text)
    _memcpy_lastbytes_aligned                0x08000483   Thumb Code     0  rt_memcpy_w.o(.text)
    __aeabi_memclr4                          0x0800049f   Thumb Code     0  rt_memclr_w.o(.text)
    __aeabi_memclr8                          0x0800049f   Thumb Code     0  rt_memclr_w.o(.text)
    __rt_memclr_w                            0x0800049f   Thumb Code    78  rt_memclr_w.o(.text)
    _memset_w                                0x080004a3   Thumb Code     0  rt_memclr_w.o(.text)
    __use_two_region_memory                  0x080004ed   Thumb Code     2  heapauxi.o(.text)
    __rt_heap_escrow$2region                 0x080004ef   Thumb Code     2  heapauxi.o(.text)
    __rt_heap_expand$2region                 0x080004f1   Thumb Code     2  heapauxi.o(.text)
    __user_setup_stackheap                   0x080004f3   Thumb Code    74  sys_stackheap_outer.o(.text)
    exit                                     0x0800053d   Thumb Code    18  exit.o(.text)
    __user_libspace                          0x08000551   Thumb Code     8  libspace.o(.text)
    __user_perproc_libspace                  0x08000551   Thumb Code     0  libspace.o(.text)
    __user_perthread_libspace                0x08000551   Thumb Code     0  libspace.o(.text)
    _sys_exit                                0x08000559   Thumb Code     8  sys_exit.o(.text)
    __I$use$semihosting                      0x08000565   Thumb Code     0  use_no_semi.o(.text)
    __use_no_semihosting_swi                 0x08000565   Thumb Code     2  use_no_semi.o(.text)
    BusFault_Handler                         0x08000567   Thumb Code     2  stm32f4xx_it.o(i.BusFault_Handler)
    __semihosting_library_function           0x08000567   Thumb Code     0  indicate_semi.o(.text)
    CAN1_RX0_IRQHandler                      0x08000569   Thumb Code     6  stm32f4xx_it.o(i.CAN1_RX0_IRQHandler)
    CAN1_TX_IRQHandler                       0x08000575   Thumb Code     6  stm32f4xx_it.o(i.CAN1_TX_IRQHandler)
    CAN_cmd_chassis                          0x08000581   Thumb Code    60  motor.o(i.CAN_cmd_chassis)
    DMA2_Stream2_IRQHandler                  0x080005c9   Thumb Code     6  stm32f4xx_it.o(i.DMA2_Stream2_IRQHandler)
    DebugMon_Handler                         0x08000651   Thumb Code     2  stm32f4xx_it.o(i.DebugMon_Handler)
    EXTI3_IRQHandler                         0x08000653   Thumb Code     6  stm32f4xx_it.o(i.EXTI3_IRQHandler)
    Error_Handler                            0x08000659   Thumb Code     4  main.o(i.Error_Handler)
    HAL_CAN_ActivateNotification             0x0800065d   Thumb Code    36  stm32f4xx_hal_can.o(i.HAL_CAN_ActivateNotification)
    HAL_CAN_AddTxMessage                     0x08000681   Thumb Code   220  stm32f4xx_hal_can.o(i.HAL_CAN_AddTxMessage)
    HAL_CAN_ConfigFilter                     0x0800075d   Thumb Code   262  stm32f4xx_hal_can.o(i.HAL_CAN_ConfigFilter)
    HAL_CAN_ErrorCallback                    0x08000869   Thumb Code     2  stm32f4xx_hal_can.o(i.HAL_CAN_ErrorCallback)
    HAL_CAN_GetRxMessage                     0x0800086b   Thumb Code   232  stm32f4xx_hal_can.o(i.HAL_CAN_GetRxMessage)
    HAL_CAN_IRQHandler                       0x08000953   Thumb Code   508  stm32f4xx_hal_can.o(i.HAL_CAN_IRQHandler)
    HAL_CAN_Init                             0x08000b4f   Thumb Code   282  stm32f4xx_hal_can.o(i.HAL_CAN_Init)
    HAL_CAN_MspInit                          0x08000c69   Thumb Code   122  can.o(i.HAL_CAN_MspInit)
    HAL_CAN_RxFifo0FullCallback              0x08000cf1   Thumb Code     2  stm32f4xx_hal_can.o(i.HAL_CAN_RxFifo0FullCallback)
    HAL_CAN_RxFifo0MsgPendingCallback        0x08000cf5   Thumb Code    68  motor.o(i.HAL_CAN_RxFifo0MsgPendingCallback)
    HAL_CAN_RxFifo1FullCallback              0x08000d45   Thumb Code     2  stm32f4xx_hal_can.o(i.HAL_CAN_RxFifo1FullCallback)
    HAL_CAN_RxFifo1MsgPendingCallback        0x08000d47   Thumb Code     2  stm32f4xx_hal_can.o(i.HAL_CAN_RxFifo1MsgPendingCallback)
    HAL_CAN_SleepCallback                    0x08000d49   Thumb Code     2  stm32f4xx_hal_can.o(i.HAL_CAN_SleepCallback)
    HAL_CAN_Start                            0x08000d4d   Thumb Code    88  stm32f4xx_hal_can.o(i.HAL_CAN_Start)
    HAL_CAN_TxMailbox0AbortCallback          0x08000da5   Thumb Code     2  stm32f4xx_hal_can.o(i.HAL_CAN_TxMailbox0AbortCallback)
    HAL_CAN_TxMailbox0CompleteCallback       0x08000da7   Thumb Code     2  stm32f4xx_hal_can.o(i.HAL_CAN_TxMailbox0CompleteCallback)
    HAL_CAN_TxMailbox1AbortCallback          0x08000da9   Thumb Code     2  stm32f4xx_hal_can.o(i.HAL_CAN_TxMailbox1AbortCallback)
    HAL_CAN_TxMailbox1CompleteCallback       0x08000dab   Thumb Code     2  stm32f4xx_hal_can.o(i.HAL_CAN_TxMailbox1CompleteCallback)
    HAL_CAN_TxMailbox2AbortCallback          0x08000dad   Thumb Code     2  stm32f4xx_hal_can.o(i.HAL_CAN_TxMailbox2AbortCallback)
    HAL_CAN_TxMailbox2CompleteCallback       0x08000daf   Thumb Code     2  stm32f4xx_hal_can.o(i.HAL_CAN_TxMailbox2CompleteCallback)
    HAL_CAN_WakeUpFromRxMsgCallback          0x08000db1   Thumb Code     2  stm32f4xx_hal_can.o(i.HAL_CAN_WakeUpFromRxMsgCallback)
    HAL_DMA_IRQHandler                       0x08000db5   Thumb Code   412  stm32f4xx_hal_dma.o(i.HAL_DMA_IRQHandler)
    HAL_DMA_Init                             0x08000f55   Thumb Code   206  stm32f4xx_hal_dma.o(i.HAL_DMA_Init)
    HAL_Delay                                0x08001029   Thumb Code    32  stm32f4xx_hal.o(i.HAL_Delay)
    HAL_GPIO_EXTI_Callback                   0x0800104d   Thumb Code    32  ist8310driver.o(i.HAL_GPIO_EXTI_Callback)
    HAL_GPIO_EXTI_IRQHandler                 0x08001075   Thumb Code    18  stm32f4xx_hal_gpio.o(i.HAL_GPIO_EXTI_IRQHandler)
    HAL_GPIO_Init                            0x0800108d   Thumb Code   510  stm32f4xx_hal_gpio.o(i.HAL_GPIO_Init)
    HAL_GPIO_ReadPin                         0x080012c1   Thumb Code    10  stm32f4xx_hal_gpio.o(i.HAL_GPIO_ReadPin)
    HAL_GPIO_WritePin                        0x080012cb   Thumb Code    10  stm32f4xx_hal_gpio.o(i.HAL_GPIO_WritePin)
    HAL_GetTick                              0x080012d5   Thumb Code     6  stm32f4xx_hal.o(i.HAL_GetTick)
    HAL_I2CEx_ConfigAnalogFilter             0x080012e1   Thumb Code    66  stm32f4xx_hal_i2c_ex.o(i.HAL_I2CEx_ConfigAnalogFilter)
    HAL_I2CEx_ConfigDigitalFilter            0x08001323   Thumb Code    62  stm32f4xx_hal_i2c_ex.o(i.HAL_I2CEx_ConfigDigitalFilter)
    HAL_I2C_Init                             0x08001361   Thumb Code   376  stm32f4xx_hal_i2c.o(i.HAL_I2C_Init)
    HAL_I2C_Mem_Read                         0x080014e9   Thumb Code   490  stm32f4xx_hal_i2c.o(i.HAL_I2C_Mem_Read)
    HAL_I2C_Mem_Write                        0x080016e1   Thumb Code   294  stm32f4xx_hal_i2c.o(i.HAL_I2C_Mem_Write)
    HAL_I2C_MspInit                          0x08001811   Thumb Code   110  i2c.o(i.HAL_I2C_MspInit)
    HAL_IncTick                              0x0800188d   Thumb Code    12  stm32f4xx_hal.o(i.HAL_IncTick)
    HAL_Init                                 0x0800189d   Thumb Code    48  stm32f4xx_hal.o(i.HAL_Init)
    HAL_InitTick                             0x080018d1   Thumb Code   100  stm32f4xx_hal_timebase_tim.o(i.HAL_InitTick)
    HAL_MspInit                              0x08001945   Thumb Code    52  stm32f4xx_hal_msp.o(i.HAL_MspInit)
    HAL_NVIC_EnableIRQ                       0x0800197d   Thumb Code    26  stm32f4xx_hal_cortex.o(i.HAL_NVIC_EnableIRQ)
    HAL_NVIC_SetPriority                     0x08001999   Thumb Code    60  stm32f4xx_hal_cortex.o(i.HAL_NVIC_SetPriority)
    HAL_NVIC_SetPriorityGrouping             0x080019d9   Thumb Code    26  stm32f4xx_hal_cortex.o(i.HAL_NVIC_SetPriorityGrouping)
    HAL_PWREx_EnableOverDrive                0x080019fd   Thumb Code    98  stm32f4xx_hal_pwr_ex.o(i.HAL_PWREx_EnableOverDrive)
    HAL_RCC_ClockConfig                      0x08001a6d   Thumb Code   288  stm32f4xx_hal_rcc.o(i.HAL_RCC_ClockConfig)
    HAL_RCC_GetClockConfig                   0x08001ba1   Thumb Code    54  stm32f4xx_hal_rcc.o(i.HAL_RCC_GetClockConfig)
    HAL_RCC_GetPCLK1Freq                     0x08001be1   Thumb Code    20  stm32f4xx_hal_rcc.o(i.HAL_RCC_GetPCLK1Freq)
    HAL_RCC_GetPCLK2Freq                     0x08001c01   Thumb Code    20  stm32f4xx_hal_rcc.o(i.HAL_RCC_GetPCLK2Freq)
    HAL_RCC_GetSysClockFreq                  0x08001c21   Thumb Code    88  stm32f4xx_hal_rcc.o(i.HAL_RCC_GetSysClockFreq)
    HAL_RCC_OscConfig                        0x08001c85   Thumb Code   856  stm32f4xx_hal_rcc.o(i.HAL_RCC_OscConfig)
    HAL_SPI_Init                             0x08001ff1   Thumb Code   188  stm32f4xx_hal_spi.o(i.HAL_SPI_Init)
    HAL_SPI_MspInit                          0x080020ad   Thumb Code    94  spi.o(i.HAL_SPI_MspInit)
    HAL_TIMEx_BreakCallback                  0x08002119   Thumb Code     2  stm32f4xx_hal_tim_ex.o(i.HAL_TIMEx_BreakCallback)
    HAL_TIMEx_CommutCallback                 0x0800211b   Thumb Code     2  stm32f4xx_hal_tim_ex.o(i.HAL_TIMEx_CommutCallback)
    HAL_TIMEx_MasterConfigSynchronization    0x0800211d   Thumb Code   116  stm32f4xx_hal_tim_ex.o(i.HAL_TIMEx_MasterConfigSynchronization)
    HAL_TIM_Base_Init                        0x080021ad   Thumb Code    90  stm32f4xx_hal_tim.o(i.HAL_TIM_Base_Init)
    HAL_TIM_Base_MspInit                     0x08002209   Thumb Code    50  tim.o(i.HAL_TIM_Base_MspInit)
    HAL_TIM_Base_Start_IT                    0x08002245   Thumb Code   100  stm32f4xx_hal_tim.o(i.HAL_TIM_Base_Start_IT)
    HAL_TIM_IC_CaptureCallback               0x080022c5   Thumb Code     2  stm32f4xx_hal_tim.o(i.HAL_TIM_IC_CaptureCallback)
    HAL_TIM_IRQHandler                       0x080022c7   Thumb Code   358  stm32f4xx_hal_tim.o(i.HAL_TIM_IRQHandler)
    HAL_TIM_MspPostInit                      0x0800242d   Thumb Code   104  tim.o(i.HAL_TIM_MspPostInit)
    HAL_TIM_OC_DelayElapsedCallback          0x080024a5   Thumb Code     2  stm32f4xx_hal_tim.o(i.HAL_TIM_OC_DelayElapsedCallback)
    HAL_TIM_PWM_ConfigChannel                0x080024a7   Thumb Code   204  stm32f4xx_hal_tim.o(i.HAL_TIM_PWM_ConfigChannel)
    HAL_TIM_PWM_Init                         0x08002573   Thumb Code    90  stm32f4xx_hal_tim.o(i.HAL_TIM_PWM_Init)
    HAL_TIM_PWM_MspInit                      0x080025cd   Thumb Code    50  tim.o(i.HAL_TIM_PWM_MspInit)
    HAL_TIM_PWM_PulseFinishedCallback        0x08002609   Thumb Code     2  stm32f4xx_hal_tim.o(i.HAL_TIM_PWM_PulseFinishedCallback)
    HAL_TIM_PWM_Start                        0x0800260d   Thumb Code   172  stm32f4xx_hal_tim.o(i.HAL_TIM_PWM_Start)
    HAL_TIM_PeriodElapsedCallback            0x080026d5   Thumb Code    14  main.o(i.HAL_TIM_PeriodElapsedCallback)
    HAL_TIM_TriggerCallback                  0x080026e9   Thumb Code     2  stm32f4xx_hal_tim.o(i.HAL_TIM_TriggerCallback)
    HAL_UART_Init                            0x080026eb   Thumb Code    98  stm32f4xx_hal_uart.o(i.HAL_UART_Init)
    HAL_UART_MspInit                         0x0800274d   Thumb Code   144  usart.o(i.HAL_UART_MspInit)
    HardFault_Handler                        0x080027f1   Thumb Code     2  stm32f4xx_it.o(i.HardFault_Handler)
    MX_CAN1_Init                             0x08002bc1   Thumb Code    58  can.o(i.MX_CAN1_Init)
    MX_DMA_Init                              0x08002c05   Thumb Code    40  dma.o(i.MX_DMA_Init)
    MX_FREERTOS_Init                         0x08002c31   Thumb Code    96  freertos.o(i.MX_FREERTOS_Init)
    MX_GPIO_Init                             0x08002c99   Thumb Code   364  gpio.o(i.MX_GPIO_Init)
    MX_I2C1_Init                             0x08002e21   Thumb Code    78  i2c.o(i.MX_I2C1_Init)
    MX_SPI5_Init                             0x08002e7d   Thumb Code    60  spi.o(i.MX_SPI5_Init)
    MX_TIM5_Init                             0x08002ec1   Thumb Code   120  tim.o(i.MX_TIM5_Init)
    MX_TIM6_Init                             0x08002f41   Thumb Code    60  tim.o(i.MX_TIM6_Init)
    MX_USART1_UART_Init                      0x08002f85   Thumb Code    46  usart.o(i.MX_USART1_UART_Init)
    MemManage_Handler                        0x08002fc1   Thumb Code     2  stm32f4xx_it.o(i.MemManage_Handler)
    NMI_Handler                              0x08002fc3   Thumb Code     2  stm32f4xx_it.o(i.NMI_Handler)
    PID_Calc1                                0x08002fc5   Thumb Code   584  pid.o(i.PID_Calc1)
    PID_Init                                 0x0800320d   Thumb Code    30  pid.o(i.PID_Init)
    PID_SET_Init                             0x08003235   Thumb Code  1554  pid.o(i.PID_SET_Init)
    StartDefaultTask                         0x08003895   Thumb Code     8  freertos.o(i.StartDefaultTask)
    Start_getdata_task                       0x0800389d   Thumb Code    12  freertos.o(i.Start_getdata_task)
    Start_go_task                            0x080038a9   Thumb Code    20  freertos.o(i.Start_go_task)
    Start_hand_task                          0x080038bd   Thumb Code    12  freertos.o(i.Start_hand_task)
    SysTick_Handler                          0x080038c9   Thumb Code    38  port.o(i.SysTick_Handler)
    SystemClock_Config                       0x080038f5   Thumb Code   150  main.o(i.SystemClock_Config)
    SystemInit                               0x08003995   Thumb Code    12  system_stm32f4xx.o(i.SystemInit)
    TIM1_UP_TIM10_IRQHandler                 0x080039a5   Thumb Code     6  stm32f4xx_it.o(i.TIM1_UP_TIM10_IRQHandler)
    TIM5_IRQHandler                          0x080039b1   Thumb Code     6  stm32f4xx_it.o(i.TIM5_IRQHandler)
    TIM6_DAC_IRQHandler                      0x080039bd   Thumb Code     6  stm32f4xx_it.o(i.TIM6_DAC_IRQHandler)
    TIM_Base_SetConfig                       0x080039c9   Thumb Code   156  stm32f4xx_hal_tim.o(i.TIM_Base_SetConfig)
    TIM_CCxChannelCmd                        0x08003a91   Thumb Code    26  stm32f4xx_hal_tim.o(i.TIM_CCxChannelCmd)
    TIM_OC2_SetConfig                        0x08003b0d   Thumb Code    98  stm32f4xx_hal_tim.o(i.TIM_OC2_SetConfig)
    UsageFault_Handler                       0x08003d3d   Thumb Code     2  stm32f4xx_it.o(i.UsageFault_Handler)
    abs_limit                                0x08003d5f   Thumb Code     2  pid.o(i.abs_limit)
    can_filter_init                          0x08003d61   Thumb Code    52  motor.o(i.can_filter_init)
    catchit                                  0x08003d99   Thumb Code    12  servo.o(i.catchit)
    dealdata                                 0x08003dad   Thumb Code   130  getdatatask.o(i.dealdata)
    deallinedata                             0x08003e39   Thumb Code    48  getdatatask.o(i.deallinedata)
    get_chassis_motor_measure_point          0x08003e7d   Thumb Code    16  motor.o(i.get_chassis_motor_measure_point)
    getdatatask                              0x08003e91   Thumb Code    34  getdatatask.o(i.getdatatask)
    gotask                                   0x08003eb9   Thumb Code    30  gotask.o(i.gotask)
    handtask                                 0x08003edd   Thumb Code    30  handtask.o(i.handtask)
    ist8310_GPIO_init                        0x08003f01   Thumb Code     2  ist8310driver_middleware.o(i.ist8310_GPIO_init)
    ist8310_IIC_read_muli_reg                0x08003f05   Thumb Code    22  ist8310driver_middleware.o(i.ist8310_IIC_read_muli_reg)
    ist8310_IIC_read_single_reg              0x08003f21   Thumb Code    38  ist8310driver_middleware.o(i.ist8310_IIC_read_single_reg)
    ist8310_IIC_write_single_reg             0x08003f4d   Thumb Code    30  ist8310driver_middleware.o(i.ist8310_IIC_write_single_reg)
    ist8310_RST_H                            0x08003f71   Thumb Code    10  ist8310driver_middleware.o(i.ist8310_RST_H)
    ist8310_RST_L                            0x08003f81   Thumb Code    10  ist8310driver_middleware.o(i.ist8310_RST_L)
    ist8310_com_init                         0x08003f91   Thumb Code     2  ist8310driver_middleware.o(i.ist8310_com_init)
    ist8310_delay_ms                         0x08003f93   Thumb Code     4  ist8310driver_middleware.o(i.ist8310_delay_ms)
    ist8310_delay_us                         0x08003f97   Thumb Code    48  ist8310driver_middleware.o(i.ist8310_delay_us)
    ist8310_init                             0x08003fc9   Thumb Code   114  ist8310driver.o(i.ist8310_init)
    ist8310_read_mag                         0x08004041   Thumb Code    80  ist8310driver.o(i.ist8310_read_mag)
    main                                     0x08004095   Thumb Code    66  main.o(i.main)
    motor                                    0x080040e5   Thumb Code   170  gotask.o(i.motor)
    osDelay                                  0x0800419d   Thumb Code    14  cmsis_os.o(i.osDelay)
    osKernelStart                            0x080041ab   Thumb Code    10  cmsis_os.o(i.osKernelStart)
    osThreadCreate                           0x080041b5   Thumb Code    84  cmsis_os.o(i.osThreadCreate)
    pvPortMalloc                             0x08004555   Thumb Code   216  heap_4.o(i.pvPortMalloc)
    pxPortInitialiseStack                    0x08004631   Thumb Code    40  port.o(i.pxPortInitialiseStack)
    raiseup                                  0x0800465d   Thumb Code    12  servo.o(i.raiseup)
    readdata                                 0x08004671   Thumb Code    48  getdatatask.o(i.readdata)
    servo_init                               0x080046a9   Thumb Code    22  servo.o(i.servo_init)
    uxListRemove                             0x080046c5   Thumb Code    38  list.o(i.uxListRemove)
    vApplicationGetIdleTaskMemory            0x080046ed   Thumb Code    16  freertos.o(i.vApplicationGetIdleTaskMemory)
    vListInitialise                          0x08004701   Thumb Code    22  list.o(i.vListInitialise)
    vListInitialiseItem                      0x08004717   Thumb Code     6  list.o(i.vListInitialiseItem)
    vListInsert                              0x0800471d   Thumb Code    48  list.o(i.vListInsert)
    vListInsertEnd                           0x0800474d   Thumb Code    24  list.o(i.vListInsertEnd)
    vPortEnterCritical                       0x08004765   Thumb Code    54  port.o(i.vPortEnterCritical)
    vPortExitCritical                        0x080047a5   Thumb Code    34  port.o(i.vPortExitCritical)
    vPortFree                                0x080047cd   Thumb Code    94  heap_4.o(i.vPortFree)
    vPortSetupTimerInterrupt                 0x08004831   Thumb Code    32  port.o(i.vPortSetupTimerInterrupt)
    vTaskDelay                               0x08004855   Thumb Code    66  tasks.o(i.vTaskDelay)
    vTaskStartScheduler                      0x080048a1   Thumb Code    90  tasks.o(i.vTaskStartScheduler)
    vTaskSuspendAll                          0x0800490d   Thumb Code    10  tasks.o(i.vTaskSuspendAll)
    vTaskSwitchContext                       0x0800491d   Thumb Code    82  tasks.o(i.vTaskSwitchContext)
    xPortStartScheduler                      0x08004979   Thumb Code   222  port.o(i.xPortStartScheduler)
    xTaskCreate                              0x08004a6d   Thumb Code    90  tasks.o(i.xTaskCreate)
    xTaskCreateStatic                        0x08004ac7   Thumb Code    86  tasks.o(i.xTaskCreateStatic)
    xTaskIncrementTick                       0x08004b1d   Thumb Code   194  tasks.o(i.xTaskIncrementTick)
    xTaskResumeAll                           0x08004be9   Thumb Code   182  tasks.o(i.xTaskResumeAll)
    __aeabi_dneg                             0x08004cad   Thumb Code     0  basic.o(x$fpl$basic)
    _dneg                                    0x08004cad   Thumb Code     6  basic.o(x$fpl$basic)
    __aeabi_fneg                             0x08004cb3   Thumb Code     0  basic.o(x$fpl$basic)
    _fneg                                    0x08004cb3   Thumb Code     6  basic.o(x$fpl$basic)
    _dabs                                    0x08004cb9   Thumb Code     6  basic.o(x$fpl$basic)
    _fabs                                    0x08004cbf   Thumb Code     6  basic.o(x$fpl$basic)
    __aeabi_d2f                              0x08004cc5   Thumb Code     0  d2f.o(x$fpl$d2f)
    _d2f                                     0x08004cc5   Thumb Code    98  d2f.o(x$fpl$d2f)
    __aeabi_dadd                             0x08004d29   Thumb Code     0  daddsub_clz.o(x$fpl$dadd)
    _dadd                                    0x08004d29   Thumb Code   332  daddsub_clz.o(x$fpl$dadd)
    __fpl_dcmp_Inf                           0x08004e79   Thumb Code    24  dcmpi.o(x$fpl$dcmpinf)
    __aeabi_d2iz                             0x08004e91   Thumb Code     0  dfix.o(x$fpl$dfix)
    _dfix                                    0x08004e91   Thumb Code    94  dfix.o(x$fpl$dfix)
    __aeabi_i2d                              0x08004eef   Thumb Code     0  dflt_clz.o(x$fpl$dflt)
    _dflt                                    0x08004eef   Thumb Code    46  dflt_clz.o(x$fpl$dflt)
    __aeabi_cdcmple                          0x08004f1d   Thumb Code     0  dleqf.o(x$fpl$dleqf)
    _dcmple                                  0x08004f1d   Thumb Code   120  dleqf.o(x$fpl$dleqf)
    __fpl_dcmple_InfNaN                      0x08004f7f   Thumb Code     0  dleqf.o(x$fpl$dleqf)
    __aeabi_dmul                             0x08004f95   Thumb Code     0  dmul.o(x$fpl$dmul)
    _dmul                                    0x08004f95   Thumb Code   332  dmul.o(x$fpl$dmul)
    __fpl_dnaninf                            0x080050e9   Thumb Code   156  dnaninf.o(x$fpl$dnaninf)
    __fpl_dretinf                            0x08005185   Thumb Code    12  dretinf.o(x$fpl$dretinf)
    __aeabi_cdrcmple                         0x08005191   Thumb Code     0  drleqf.o(x$fpl$drleqf)
    _drcmple                                 0x08005191   Thumb Code   108  drleqf.o(x$fpl$drleqf)
    __aeabi_dsub                             0x080051fd   Thumb Code     0  daddsub_clz.o(x$fpl$dsub)
    _dsub                                    0x080051fd   Thumb Code   464  daddsub_clz.o(x$fpl$dsub)
    _fp_init                                 0x080053d1   Thumb Code    10  fpinit.o(x$fpl$fpinit)
    __fplib_config_fpu_vfp                   0x080053d9   Thumb Code     0  fpinit.o(x$fpl$fpinit)
    __fplib_config_pureend_doubles           0x080053d9   Thumb Code     0  fpinit.o(x$fpl$fpinit)
    __fpl_fretinf                            0x080053db   Thumb Code    10  fretinf.o(x$fpl$fretinf)
    __I$use$fp                               0x080053e4   Number         0  usenofp.o(x$fpl$usenofp)
    AHBPrescTable                            0x0800545c   Data          16  system_stm32f4xx.o(.constdata)
    APBPrescTable                            0x0800546c   Data           8  system_stm32f4xx.o(.constdata)
    Region$$Table$$Base                      0x080054b0   Number         0  anon$$obj.o(Region$$Table)
    Region$$Table$$Limit                     0x080054d0   Number         0  anon$$obj.o(Region$$Table)
    defaultTaskHandle                        0x20000000   Data           4  freertos.o(.data)
    getdata_taskHandle                       0x20000004   Data           4  freertos.o(.data)
    go_taskHandle                            0x20000008   Data           4  freertos.o(.data)
    hand_taskHandle                          0x2000000c   Data           4  freertos.o(.data)
    uwTickFreq                               0x20000010   Data           1  stm32f4xx_hal.o(.data)
    uwTickPrio                               0x20000014   Data           4  stm32f4xx_hal.o(.data)
    uwTick                                   0x20000018   Data           4  stm32f4xx_hal.o(.data)
    SystemCoreClock                          0x2000001c   Data           4  system_stm32f4xx.o(.data)
    pxCurrentTCB                             0x20000020   Data           4  tasks.o(.data)
    chassis_can_send_data                    0x20000089   Data           8  motor.o(.data)
    set_speed1                               0x20000094   Data           2  gotask.o(.data)
    set_speed2                               0x20000096   Data           2  gotask.o(.data)
    gotimes                                  0x20000098   Data           4  gotask.o(.data)
    speed_base                               0x2000009c   Data           4  gotask.o(.data)
    motor_data1                              0x200000a0   Data           4  gotask.o(.data)
    motor_data2                              0x200000a4   Data           4  gotask.o(.data)
    go_flag                                  0x200000a8   Data           4  gotask.o(.data)
    catchit_cnt                              0x200000ac   Data           4  servo.o(.data)
    throwit_cnt                              0x200000b0   Data           4  servo.o(.data)
    raiseup_cnt                              0x200000b4   Data           4  servo.o(.data)
    raisedown_cnt                            0x200000b8   Data           4  servo.o(.data)
    handtimes                                0x200000bc   Data           4  handtask.o(.data)
    getdatatimes                             0x200000c0   Data           4  getdatatask.o(.data)
    data1                                    0x200000c4   Data           4  getdatatask.o(.data)
    data2                                    0x200000c8   Data           4  getdatatask.o(.data)
    data3                                    0x200000cc   Data           4  getdatatask.o(.data)
    data4                                    0x200000d0   Data           4  getdatatask.o(.data)
    line_num                                 0x200000dc   Data           4  getdatatask.o(.data)
    temp1                                    0x200000e0   Data           4  getdatatask.o(.data)
    temp2                                    0x200000e4   Data           4  getdatatask.o(.data)
    temp3                                    0x200000e8   Data           4  getdatatask.o(.data)
    temp4                                    0x200000ec   Data           4  getdatatask.o(.data)
    magtimes                                 0x200000f0   Data           4  ist8310driver.o(.data)
    hcan1                                    0x20000348   Data          40  can.o(.bss)
    hi2c1                                    0x20000370   Data          84  i2c.o(.bss)
    hspi5                                    0x200003c4   Data          88  spi.o(.bss)
    htim5                                    0x2000041c   Data          72  tim.o(.bss)
    htim6                                    0x20000464   Data          72  tim.o(.bss)
    huart1                                   0x200004ac   Data          68  usart.o(.bss)
    hdma_usart1_rx                           0x200004f0   Data          96  usart.o(.bss)
    htim1                                    0x20000550   Data          72  stm32f4xx_hal_timebase_tim.o(.bss)
    motor_chassis                            0x20004288   Data          70  motor.o(.bss)
    chassis_tx_message                       0x200042d0   Data          24  motor.o(.bss)
    CM1_speed_pid                            0x200042e8   Data         160  pid.o(.bss)
    CM2_speed_pid                            0x20004388   Data         160  pid.o(.bss)
    CM3_speed_pid                            0x20004428   Data         160  pid.o(.bss)
    CM4_speed_pid                            0x200044c8   Data         160  pid.o(.bss)
    CM5_speed_pid                            0x20004568   Data         160  pid.o(.bss)
    CM6_speed_pid                            0x20004608   Data         160  pid.o(.bss)
    Yaw_speed_pid                            0x200046a8   Data         160  pid.o(.bss)
    Yaw_position_pid                         0x20004748   Data         160  pid.o(.bss)
    Yaw_Auto_Aim_pid                         0x200047e8   Data         160  pid.o(.bss)
    Pitch_speed_pid                          0x20004888   Data         160  pid.o(.bss)
    Pitch_position_pid                       0x20004928   Data         160  pid.o(.bss)
    Pitch_Auto_Aim_pid                       0x200049c8   Data         160  pid.o(.bss)
    Shoot_speed_pid                          0x20004a68   Data         160  pid.o(.bss)
    Shoot_position_pid                       0x20004b08   Data         160  pid.o(.bss)
    CM1_current_pid                          0x20004ba8   Data         160  pid.o(.bss)
    CM2_current_pid                          0x20004c48   Data         160  pid.o(.bss)
    CM3_current_pid                          0x20004ce8   Data         160  pid.o(.bss)
    CM4_current_pid                          0x20004d88   Data         160  pid.o(.bss)
    Gyro_normal_pid                          0x20004e28   Data         160  pid.o(.bss)
    light                                    0x20004ec8   Data          16  gotask.o(.bss)
    light_last                               0x20004ed8   Data          16  gotask.o(.bss)
    light_now                                0x20004ee8   Data          16  gotask.o(.bss)
    mag                                      0x20004ef8   Data          12  ist8310driver.o(.bss)
    __libspace_start                         0x20004f04   Data          96  libspace.o(.bss)
    __temporary_stack_top$libspace           0x20004f64   Data           0  libspace.o(.bss)



==============================================================================

Memory Map of the image

  Image Entry point : 0x080001ad

  Load Region LR_IROM1 (Base: 0x08000000, Size: 0x000055c4, Max: 0x00200000, ABSOLUTE)

    Execution Region ER_IROM1 (Exec base: 0x08000000, Load base: 0x08000000, Size: 0x000054d0, Max: 0x00200000, ABSOLUTE)

    Exec Addr    Load Addr    Size         Type   Attr      Idx    E Section Name        Object

    0x08000000   0x08000000   0x000001ac   Data   RO            3    RESET               startup_stm32f427xx.o
    0x080001ac   0x080001ac   0x00000008   Code   RO         6216  * !!!main             c_w.l(__main.o)
    0x080001b4   0x080001b4   0x00000034   Code   RO         6426    !!!scatter          c_w.l(__scatter.o)
    0x080001e8   0x080001e8   0x0000001a   Code   RO         6428    !!handler_copy      c_w.l(__scatter_copy.o)
    0x08000202   0x08000202   0x00000002   PAD
    0x08000204   0x08000204   0x0000001c   Code   RO         6430    !!handler_zi        c_w.l(__scatter_zi.o)
    0x08000220   0x08000220   0x00000002   Code   RO         6294    .ARM.Collect$$libinit$$00000000  c_w.l(libinit.o)
    0x08000222   0x08000222   0x00000004   Code   RO         6306    .ARM.Collect$$libinit$$00000001  c_w.l(libinit2.o)
    0x08000226   0x08000226   0x00000000   Code   RO         6309    .ARM.Collect$$libinit$$00000004  c_w.l(libinit2.o)
    0x08000226   0x08000226   0x00000000   Code   RO         6312    .ARM.Collect$$libinit$$0000000A  c_w.l(libinit2.o)
    0x08000226   0x08000226   0x00000000   Code   RO         6314    .ARM.Collect$$libinit$$0000000C  c_w.l(libinit2.o)
    0x08000226   0x08000226   0x00000000   Code   RO         6316    .ARM.Collect$$libinit$$0000000E  c_w.l(libinit2.o)
    0x08000226   0x08000226   0x00000000   Code   RO         6319    .ARM.Collect$$libinit$$00000011  c_w.l(libinit2.o)
    0x08000226   0x08000226   0x00000000   Code   RO         6321    .ARM.Collect$$libinit$$00000013  c_w.l(libinit2.o)
    0x08000226   0x08000226   0x00000000   Code   RO         6323    .ARM.Collect$$libinit$$00000015  c_w.l(libinit2.o)
    0x08000226   0x08000226   0x00000000   Code   RO         6325    .ARM.Collect$$libinit$$00000017  c_w.l(libinit2.o)
    0x08000226   0x08000226   0x00000000   Code   RO         6327    .ARM.Collect$$libinit$$00000019  c_w.l(libinit2.o)
    0x08000226   0x08000226   0x00000000   Code   RO         6329    .ARM.Collect$$libinit$$0000001B  c_w.l(libinit2.o)
    0x08000226   0x08000226   0x00000000   Code   RO         6331    .ARM.Collect$$libinit$$0000001D  c_w.l(libinit2.o)
    0x08000226   0x08000226   0x00000000   Code   RO         6333    .ARM.Collect$$libinit$$0000001F  c_w.l(libinit2.o)
    0x08000226   0x08000226   0x00000000   Code   RO         6335    .ARM.Collect$$libinit$$00000021  c_w.l(libinit2.o)
    0x08000226   0x08000226   0x00000000   Code   RO         6337    .ARM.Collect$$libinit$$00000023  c_w.l(libinit2.o)
    0x08000226   0x08000226   0x00000000   Code   RO         6339    .ARM.Collect$$libinit$$00000025  c_w.l(libinit2.o)
    0x08000226   0x08000226   0x00000000   Code   RO         6343    .ARM.Collect$$libinit$$0000002C  c_w.l(libinit2.o)
    0x08000226   0x08000226   0x00000000   Code   RO         6345    .ARM.Collect$$libinit$$0000002E  c_w.l(libinit2.o)
    0x08000226   0x08000226   0x00000000   Code   RO         6347    .ARM.Collect$$libinit$$00000030  c_w.l(libinit2.o)
    0x08000226   0x08000226   0x00000000   Code   RO         6349    .ARM.Collect$$libinit$$00000032  c_w.l(libinit2.o)
    0x08000226   0x08000226   0x00000002   Code   RO         6350    .ARM.Collect$$libinit$$00000033  c_w.l(libinit2.o)
    0x08000228   0x08000228   0x00000002   Code   RO         6381    .ARM.Collect$$libshutdown$$00000000  c_w.l(libshutdown.o)
    0x0800022a   0x0800022a   0x00000000   Code   RO         6407    .ARM.Collect$$libshutdown$$00000002  c_w.l(libshutdown2.o)
    0x0800022a   0x0800022a   0x00000000   Code   RO         6409    .ARM.Collect$$libshutdown$$00000004  c_w.l(libshutdown2.o)
    0x0800022a   0x0800022a   0x00000000   Code   RO         6411    .ARM.Collect$$libshutdown$$00000006  c_w.l(libshutdown2.o)
    0x0800022a   0x0800022a   0x00000000   Code   RO         6414    .ARM.Collect$$libshutdown$$00000009  c_w.l(libshutdown2.o)
    0x0800022a   0x0800022a   0x00000000   Code   RO         6417    .ARM.Collect$$libshutdown$$0000000C  c_w.l(libshutdown2.o)
    0x0800022a   0x0800022a   0x00000000   Code   RO         6419    .ARM.Collect$$libshutdown$$0000000E  c_w.l(libshutdown2.o)
    0x0800022a   0x0800022a   0x00000000   Code   RO         6422    .ARM.Collect$$libshutdown$$00000011  c_w.l(libshutdown2.o)
    0x0800022a   0x0800022a   0x00000002   Code   RO         6423    .ARM.Collect$$libshutdown$$00000012  c_w.l(libshutdown2.o)
    0x0800022c   0x0800022c   0x00000000   Code   RO         6246    .ARM.Collect$$rtentry$$00000000  c_w.l(__rtentry.o)
    0x0800022c   0x0800022c   0x00000000   Code   RO         6265    .ARM.Collect$$rtentry$$00000002  c_w.l(__rtentry2.o)
    0x0800022c   0x0800022c   0x00000006   Code   RO         6277    .ARM.Collect$$rtentry$$00000004  c_w.l(__rtentry4.o)
    0x08000232   0x08000232   0x00000000   Code   RO         6267    .ARM.Collect$$rtentry$$00000009  c_w.l(__rtentry2.o)
    0x08000232   0x08000232   0x00000004   Code   RO         6268    .ARM.Collect$$rtentry$$0000000A  c_w.l(__rtentry2.o)
    0x08000236   0x08000236   0x00000000   Code   RO         6270    .ARM.Collect$$rtentry$$0000000C  c_w.l(__rtentry2.o)
    0x08000236   0x08000236   0x00000008   Code   RO         6271    .ARM.Collect$$rtentry$$0000000D  c_w.l(__rtentry2.o)
    0x0800023e   0x0800023e   0x00000002   Code   RO         6298    .ARM.Collect$$rtexit$$00000000  c_w.l(rtexit.o)
    0x08000240   0x08000240   0x00000000   Code   RO         6354    .ARM.Collect$$rtexit$$00000002  c_w.l(rtexit2.o)
    0x08000240   0x08000240   0x00000004   Code   RO         6355    .ARM.Collect$$rtexit$$00000003  c_w.l(rtexit2.o)
    0x08000244   0x08000244   0x00000006   Code   RO         6356    .ARM.Collect$$rtexit$$00000004  c_w.l(rtexit2.o)
    0x0800024a   0x0800024a   0x00000002   PAD
    0x0800024c   0x0800024c   0x000000be   Code   RO         5587    .emb_text           port.o
    0x0800030a   0x0800030a   0x00000002   PAD
    0x0800030c   0x0800030c   0x00000040   Code   RO            4    .text               startup_stm32f427xx.o
    0x0800034c   0x0800034c   0x000000ee   Code   RO         6204    .text               c_w.l(lludivv7m.o)
    0x0800043a   0x0800043a   0x00000064   Code   RO         6208    .text               c_w.l(rt_memcpy_w.o)
    0x0800049e   0x0800049e   0x0000004e   Code   RO         6212    .text               c_w.l(rt_memclr_w.o)
    0x080004ec   0x080004ec   0x00000006   Code   RO         6214    .text               c_w.l(heapauxi.o)
    0x080004f2   0x080004f2   0x0000004a   Code   RO         6281    .text               c_w.l(sys_stackheap_outer.o)
    0x0800053c   0x0800053c   0x00000012   Code   RO         6283    .text               c_w.l(exit.o)
    0x0800054e   0x0800054e   0x00000002   PAD
    0x08000550   0x08000550   0x00000008   Code   RO         6295    .text               c_w.l(libspace.o)
    0x08000558   0x08000558   0x0000000c   Code   RO         6351    .text               c_w.l(sys_exit.o)
    0x08000564   0x08000564   0x00000002   Code   RO         6370    .text               c_w.l(use_no_semi.o)
    0x08000566   0x08000566   0x00000000   Code   RO         6372    .text               c_w.l(indicate_semi.o)
    0x08000566   0x08000566   0x00000002   Code   RO          607    i.BusFault_Handler  stm32f4xx_it.o
    0x08000568   0x08000568   0x0000000c   Code   RO          608    i.CAN1_RX0_IRQHandler  stm32f4xx_it.o
    0x08000574   0x08000574   0x0000000c   Code   RO          609    i.CAN1_TX_IRQHandler  stm32f4xx_it.o
    0x08000580   0x08000580   0x00000048   Code   RO         5668    i.CAN_cmd_chassis   motor.o
    0x080005c8   0x080005c8   0x0000000c   Code   RO          610    i.DMA2_Stream2_IRQHandler  stm32f4xx_it.o
    0x080005d4   0x080005d4   0x00000028   Code   RO         1515    i.DMA_CalcBaseAndBitshift  stm32f4xx_hal_dma.o
    0x080005fc   0x080005fc   0x00000054   Code   RO         1516    i.DMA_CheckFifoParam  stm32f4xx_hal_dma.o
    0x08000650   0x08000650   0x00000002   Code   RO          611    i.DebugMon_Handler  stm32f4xx_it.o
    0x08000652   0x08000652   0x00000006   Code   RO          612    i.EXTI3_IRQHandler  stm32f4xx_it.o
    0x08000658   0x08000658   0x00000004   Code   RO           13    i.Error_Handler     main.o
    0x0800065c   0x0800065c   0x00000024   Code   RO          771    i.HAL_CAN_ActivateNotification  stm32f4xx_hal_can.o
    0x08000680   0x08000680   0x000000dc   Code   RO          772    i.HAL_CAN_AddTxMessage  stm32f4xx_hal_can.o
    0x0800075c   0x0800075c   0x0000010c   Code   RO          773    i.HAL_CAN_ConfigFilter  stm32f4xx_hal_can.o
    0x08000868   0x08000868   0x00000002   Code   RO          776    i.HAL_CAN_ErrorCallback  stm32f4xx_hal_can.o
    0x0800086a   0x0800086a   0x000000e8   Code   RO          779    i.HAL_CAN_GetRxMessage  stm32f4xx_hal_can.o
    0x08000952   0x08000952   0x000001fc   Code   RO          783    i.HAL_CAN_IRQHandler  stm32f4xx_hal_can.o
    0x08000b4e   0x08000b4e   0x0000011a   Code   RO          784    i.HAL_CAN_Init      stm32f4xx_hal_can.o
    0x08000c68   0x08000c68   0x00000088   Code   RO          350    i.HAL_CAN_MspInit   can.o
    0x08000cf0   0x08000cf0   0x00000002   Code   RO          791    i.HAL_CAN_RxFifo0FullCallback  stm32f4xx_hal_can.o
    0x08000cf2   0x08000cf2   0x00000002   PAD
    0x08000cf4   0x08000cf4   0x00000050   Code   RO         5669    i.HAL_CAN_RxFifo0MsgPendingCallback  motor.o
    0x08000d44   0x08000d44   0x00000002   Code   RO          793    i.HAL_CAN_RxFifo1FullCallback  stm32f4xx_hal_can.o
    0x08000d46   0x08000d46   0x00000002   Code   RO          794    i.HAL_CAN_RxFifo1MsgPendingCallback  stm32f4xx_hal_can.o
    0x08000d48   0x08000d48   0x00000002   Code   RO          795    i.HAL_CAN_SleepCallback  stm32f4xx_hal_can.o
    0x08000d4a   0x08000d4a   0x00000002   PAD
    0x08000d4c   0x08000d4c   0x00000058   Code   RO          796    i.HAL_CAN_Start     stm32f4xx_hal_can.o
    0x08000da4   0x08000da4   0x00000002   Code   RO          798    i.HAL_CAN_TxMailbox0AbortCallback  stm32f4xx_hal_can.o
    0x08000da6   0x08000da6   0x00000002   Code   RO          799    i.HAL_CAN_TxMailbox0CompleteCallback  stm32f4xx_hal_can.o
    0x08000da8   0x08000da8   0x00000002   Code   RO          800    i.HAL_CAN_TxMailbox1AbortCallback  stm32f4xx_hal_can.o
    0x08000daa   0x08000daa   0x00000002   Code   RO          801    i.HAL_CAN_TxMailbox1CompleteCallback  stm32f4xx_hal_can.o
    0x08000dac   0x08000dac   0x00000002   Code   RO          802    i.HAL_CAN_TxMailbox2AbortCallback  stm32f4xx_hal_can.o
    0x08000dae   0x08000dae   0x00000002   Code   RO          803    i.HAL_CAN_TxMailbox2CompleteCallback  stm32f4xx_hal_can.o
    0x08000db0   0x08000db0   0x00000002   Code   RO          805    i.HAL_CAN_WakeUpFromRxMsgCallback  stm32f4xx_hal_can.o
    0x08000db2   0x08000db2   0x00000002   PAD
    0x08000db4   0x08000db4   0x000001a0   Code   RO         1523    i.HAL_DMA_IRQHandler  stm32f4xx_hal_dma.o
    0x08000f54   0x08000f54   0x000000d4   Code   RO         1524    i.HAL_DMA_Init      stm32f4xx_hal_dma.o
    0x08001028   0x08001028   0x00000024   Code   RO         1955    i.HAL_Delay         stm32f4xx_hal.o
    0x0800104c   0x0800104c   0x00000028   Code   RO         5998    i.HAL_GPIO_EXTI_Callback  ist8310driver.o
    0x08001074   0x08001074   0x00000018   Code   RO         1410    i.HAL_GPIO_EXTI_IRQHandler  stm32f4xx_hal_gpio.o
    0x0800108c   0x0800108c   0x00000234   Code   RO         1411    i.HAL_GPIO_Init     stm32f4xx_hal_gpio.o
    0x080012c0   0x080012c0   0x0000000a   Code   RO         1413    i.HAL_GPIO_ReadPin  stm32f4xx_hal_gpio.o
    0x080012ca   0x080012ca   0x0000000a   Code   RO         1415    i.HAL_GPIO_WritePin  stm32f4xx_hal_gpio.o
    0x080012d4   0x080012d4   0x0000000c   Code   RO         1963    i.HAL_GetTick       stm32f4xx_hal.o
    0x080012e0   0x080012e0   0x00000042   Code   RO         2650    i.HAL_I2CEx_ConfigAnalogFilter  stm32f4xx_hal_i2c_ex.o
    0x08001322   0x08001322   0x0000003e   Code   RO         2651    i.HAL_I2CEx_ConfigDigitalFilter  stm32f4xx_hal_i2c_ex.o
    0x08001360   0x08001360   0x00000188   Code   RO         2229    i.HAL_I2C_Init      stm32f4xx_hal_i2c.o
    0x080014e8   0x080014e8   0x000001f8   Code   RO         2247    i.HAL_I2C_Mem_Read  stm32f4xx_hal_i2c.o
    0x080016e0   0x080016e0   0x00000130   Code   RO         2250    i.HAL_I2C_Mem_Write  stm32f4xx_hal_i2c.o
    0x08001810   0x08001810   0x0000007c   Code   RO          416    i.HAL_I2C_MspInit   i2c.o
    0x0800188c   0x0800188c   0x00000010   Code   RO         1969    i.HAL_IncTick       stm32f4xx_hal.o
    0x0800189c   0x0800189c   0x00000034   Code   RO         1970    i.HAL_Init          stm32f4xx_hal.o
    0x080018d0   0x080018d0   0x00000074   Code   RO          731    i.HAL_InitTick      stm32f4xx_hal_timebase_tim.o
    0x08001944   0x08001944   0x00000038   Code   RO          707    i.HAL_MspInit       stm32f4xx_hal_msp.o
    0x0800197c   0x0800197c   0x0000001a   Code   RO         1818    i.HAL_NVIC_EnableIRQ  stm32f4xx_hal_cortex.o
    0x08001996   0x08001996   0x00000002   PAD
    0x08001998   0x08001998   0x00000040   Code   RO         1824    i.HAL_NVIC_SetPriority  stm32f4xx_hal_cortex.o
    0x080019d8   0x080019d8   0x00000024   Code   RO         1825    i.HAL_NVIC_SetPriorityGrouping  stm32f4xx_hal_cortex.o
    0x080019fc   0x080019fc   0x00000070   Code   RO         1747    i.HAL_PWREx_EnableOverDrive  stm32f4xx_hal_pwr_ex.o
    0x08001a6c   0x08001a6c   0x00000134   Code   RO         1005    i.HAL_RCC_ClockConfig  stm32f4xx_hal_rcc.o
    0x08001ba0   0x08001ba0   0x00000040   Code   RO         1009    i.HAL_RCC_GetClockConfig  stm32f4xx_hal_rcc.o
    0x08001be0   0x08001be0   0x00000020   Code   RO         1012    i.HAL_RCC_GetPCLK1Freq  stm32f4xx_hal_rcc.o
    0x08001c00   0x08001c00   0x00000020   Code   RO         1013    i.HAL_RCC_GetPCLK2Freq  stm32f4xx_hal_rcc.o
    0x08001c20   0x08001c20   0x00000064   Code   RO         1014    i.HAL_RCC_GetSysClockFreq  stm32f4xx_hal_rcc.o
    0x08001c84   0x08001c84   0x0000036c   Code   RO         1017    i.HAL_RCC_OscConfig  stm32f4xx_hal_rcc.o
    0x08001ff0   0x08001ff0   0x000000bc   Code   RO         2691    i.HAL_SPI_Init      stm32f4xx_hal_spi.o
    0x080020ac   0x080020ac   0x0000006c   Code   RO          458    i.HAL_SPI_MspInit   spi.o
    0x08002118   0x08002118   0x00000002   Code   RO         3708    i.HAL_TIMEx_BreakCallback  stm32f4xx_hal_tim_ex.o
    0x0800211a   0x0800211a   0x00000002   Code   RO         3709    i.HAL_TIMEx_CommutCallback  stm32f4xx_hal_tim_ex.o
    0x0800211c   0x0800211c   0x00000090   Code   RO         3727    i.HAL_TIMEx_MasterConfigSynchronization  stm32f4xx_hal_tim_ex.o
    0x080021ac   0x080021ac   0x0000005a   Code   RO         3004    i.HAL_TIM_Base_Init  stm32f4xx_hal_tim.o
    0x08002206   0x08002206   0x00000002   PAD
    0x08002208   0x08002208   0x0000003c   Code   RO          500    i.HAL_TIM_Base_MspInit  tim.o
    0x08002244   0x08002244   0x00000080   Code   RO         3009    i.HAL_TIM_Base_Start_IT  stm32f4xx_hal_tim.o
    0x080022c4   0x080022c4   0x00000002   Code   RO         3038    i.HAL_TIM_IC_CaptureCallback  stm32f4xx_hal_tim.o
    0x080022c6   0x080022c6   0x00000166   Code   RO         3052    i.HAL_TIM_IRQHandler  stm32f4xx_hal_tim.o
    0x0800242c   0x0800242c   0x00000078   Code   RO          501    i.HAL_TIM_MspPostInit  tim.o
    0x080024a4   0x080024a4   0x00000002   Code   RO         3055    i.HAL_TIM_OC_DelayElapsedCallback  stm32f4xx_hal_tim.o
    0x080024a6   0x080024a6   0x000000cc   Code   RO         3076    i.HAL_TIM_PWM_ConfigChannel  stm32f4xx_hal_tim.o
    0x08002572   0x08002572   0x0000005a   Code   RO         3079    i.HAL_TIM_PWM_Init  stm32f4xx_hal_tim.o
    0x080025cc   0x080025cc   0x0000003c   Code   RO          503    i.HAL_TIM_PWM_MspInit  tim.o
    0x08002608   0x08002608   0x00000002   Code   RO         3082    i.HAL_TIM_PWM_PulseFinishedCallback  stm32f4xx_hal_tim.o
    0x0800260a   0x0800260a   0x00000002   PAD
    0x0800260c   0x0800260c   0x000000c8   Code   RO         3084    i.HAL_TIM_PWM_Start  stm32f4xx_hal_tim.o
    0x080026d4   0x080026d4   0x00000014   Code   RO           14    i.HAL_TIM_PeriodElapsedCallback  main.o
    0x080026e8   0x080026e8   0x00000002   Code   RO         3095    i.HAL_TIM_TriggerCallback  stm32f4xx_hal_tim.o
    0x080026ea   0x080026ea   0x00000062   Code   RO         4004    i.HAL_UART_Init     stm32f4xx_hal_uart.o
    0x0800274c   0x0800274c   0x000000a4   Code   RO          566    i.HAL_UART_MspInit  usart.o
    0x080027f0   0x080027f0   0x00000002   Code   RO          613    i.HardFault_Handler  stm32f4xx_it.o
    0x080027f2   0x080027f2   0x0000002e   Code   RO         2271    i.I2C_IsAcknowledgeFailed  stm32f4xx_hal_i2c.o
    0x08002820   0x08002820   0x000000fc   Code   RO         2281    i.I2C_RequestMemoryRead  stm32f4xx_hal_i2c.o
    0x0800291c   0x0800291c   0x000000a8   Code   RO         2282    i.I2C_RequestMemoryWrite  stm32f4xx_hal_i2c.o
    0x080029c4   0x080029c4   0x0000004c   Code   RO         2286    i.I2C_WaitOnBTFFlagUntilTimeout  stm32f4xx_hal_i2c.o
    0x08002a10   0x08002a10   0x00000068   Code   RO         2287    i.I2C_WaitOnFlagUntilTimeout  stm32f4xx_hal_i2c.o
    0x08002a78   0x08002a78   0x00000096   Code   RO         2288    i.I2C_WaitOnMasterAddressFlagUntilTimeout  stm32f4xx_hal_i2c.o
    0x08002b0e   0x08002b0e   0x00000066   Code   RO         2289    i.I2C_WaitOnRXNEFlagUntilTimeout  stm32f4xx_hal_i2c.o
    0x08002b74   0x08002b74   0x0000004c   Code   RO         2290    i.I2C_WaitOnTXEFlagUntilTimeout  stm32f4xx_hal_i2c.o
    0x08002bc0   0x08002bc0   0x00000044   Code   RO          351    i.MX_CAN1_Init      can.o
    0x08002c04   0x08002c04   0x0000002c   Code   RO          391    i.MX_DMA_Init       dma.o
    0x08002c30   0x08002c30   0x00000068   Code   RO          272    i.MX_FREERTOS_Init  freertos.o
    0x08002c98   0x08002c98   0x00000188   Code   RO          248    i.MX_GPIO_Init      gpio.o
    0x08002e20   0x08002e20   0x0000005c   Code   RO          417    i.MX_I2C1_Init      i2c.o
    0x08002e7c   0x08002e7c   0x00000044   Code   RO          459    i.MX_SPI5_Init      spi.o
    0x08002ec0   0x08002ec0   0x00000080   Code   RO          504    i.MX_TIM5_Init      tim.o
    0x08002f40   0x08002f40   0x00000044   Code   RO          505    i.MX_TIM6_Init      tim.o
    0x08002f84   0x08002f84   0x0000003c   Code   RO          567    i.MX_USART1_UART_Init  usart.o
    0x08002fc0   0x08002fc0   0x00000002   Code   RO          614    i.MemManage_Handler  stm32f4xx_it.o
    0x08002fc2   0x08002fc2   0x00000002   Code   RO          615    i.NMI_Handler       stm32f4xx_it.o
    0x08002fc4   0x08002fc4   0x00000248   Code   RO         5725    i.PID_Calc1         pid.o
    0x0800320c   0x0800320c   0x00000028   Code   RO         5728    i.PID_Init          pid.o
    0x08003234   0x08003234   0x00000660   Code   RO         5729    i.PID_SET_Init      pid.o
    0x08003894   0x08003894   0x00000008   Code   RO          273    i.StartDefaultTask  freertos.o
    0x0800389c   0x0800389c   0x0000000c   Code   RO          274    i.Start_getdata_task  freertos.o
    0x080038a8   0x080038a8   0x00000014   Code   RO          275    i.Start_go_task     freertos.o
    0x080038bc   0x080038bc   0x0000000c   Code   RO          276    i.Start_hand_task   freertos.o
    0x080038c8   0x080038c8   0x0000002c   Code   RO         5588    i.SysTick_Handler   port.o
    0x080038f4   0x080038f4   0x000000a0   Code   RO           15    i.SystemClock_Config  main.o
    0x08003994   0x08003994   0x00000010   Code   RO         4333    i.SystemInit        system_stm32f4xx.o
    0x080039a4   0x080039a4   0x0000000c   Code   RO          616    i.TIM1_UP_TIM10_IRQHandler  stm32f4xx_it.o
    0x080039b0   0x080039b0   0x0000000c   Code   RO          617    i.TIM5_IRQHandler   stm32f4xx_it.o
    0x080039bc   0x080039bc   0x0000000c   Code   RO          618    i.TIM6_DAC_IRQHandler  stm32f4xx_it.o
    0x080039c8   0x080039c8   0x000000c8   Code   RO         3097    i.TIM_Base_SetConfig  stm32f4xx_hal_tim.o
    0x08003a90   0x08003a90   0x0000001a   Code   RO         3098    i.TIM_CCxChannelCmd  stm32f4xx_hal_tim.o
    0x08003aaa   0x08003aaa   0x00000002   PAD
    0x08003aac   0x08003aac   0x00000060   Code   RO         3110    i.TIM_OC1_SetConfig  stm32f4xx_hal_tim.o
    0x08003b0c   0x08003b0c   0x0000006c   Code   RO         3111    i.TIM_OC2_SetConfig  stm32f4xx_hal_tim.o
    0x08003b78   0x08003b78   0x00000068   Code   RO         3112    i.TIM_OC3_SetConfig  stm32f4xx_hal_tim.o
    0x08003be0   0x08003be0   0x00000050   Code   RO         3113    i.TIM_OC4_SetConfig  stm32f4xx_hal_tim.o
    0x08003c30   0x08003c30   0x0000010c   Code   RO         4030    i.UART_SetConfig    stm32f4xx_hal_uart.o
    0x08003d3c   0x08003d3c   0x00000002   Code   RO          619    i.UsageFault_Handler  stm32f4xx_it.o
    0x08003d3e   0x08003d3e   0x00000020   Code   RO         1831    i.__NVIC_SetPriority  stm32f4xx_hal_cortex.o
    0x08003d5e   0x08003d5e   0x00000002   Code   RO         5730    i.abs_limit         pid.o
    0x08003d60   0x08003d60   0x00000038   Code   RO         5670    i.can_filter_init   motor.o
    0x08003d98   0x08003d98   0x00000014   Code   RO         5868    i.catchit           servo.o
    0x08003dac   0x08003dac   0x0000008c   Code   RO         5940    i.dealdata          getdatatask.o
    0x08003e38   0x08003e38   0x00000044   Code   RO         5941    i.deallinedata      getdatatask.o
    0x08003e7c   0x08003e7c   0x00000014   Code   RO         5671    i.get_chassis_motor_measure_point  motor.o
    0x08003e90   0x08003e90   0x00000028   Code   RO         5942    i.getdatatask       getdatatask.o
    0x08003eb8   0x08003eb8   0x00000024   Code   RO         5800    i.gotask            gotask.o
    0x08003edc   0x08003edc   0x00000024   Code   RO         5919    i.handtask          handtask.o
    0x08003f00   0x08003f00   0x00000002   Code   RO         6123    i.ist8310_GPIO_init  ist8310driver_middleware.o
    0x08003f02   0x08003f02   0x00000002   PAD
    0x08003f04   0x08003f04   0x0000001c   Code   RO         6124    i.ist8310_IIC_read_muli_reg  ist8310driver_middleware.o
    0x08003f20   0x08003f20   0x0000002c   Code   RO         6125    i.ist8310_IIC_read_single_reg  ist8310driver_middleware.o
    0x08003f4c   0x08003f4c   0x00000024   Code   RO         6127    i.ist8310_IIC_write_single_reg  ist8310driver_middleware.o
    0x08003f70   0x08003f70   0x00000010   Code   RO         6128    i.ist8310_RST_H     ist8310driver_middleware.o
    0x08003f80   0x08003f80   0x00000010   Code   RO         6129    i.ist8310_RST_L     ist8310driver_middleware.o
    0x08003f90   0x08003f90   0x00000002   Code   RO         6130    i.ist8310_com_init  ist8310driver_middleware.o
    0x08003f92   0x08003f92   0x00000004   Code   RO         6131    i.ist8310_delay_ms  ist8310driver_middleware.o
    0x08003f96   0x08003f96   0x00000030   Code   RO         6132    i.ist8310_delay_us  ist8310driver_middleware.o
    0x08003fc6   0x08003fc6   0x00000002   PAD
    0x08003fc8   0x08003fc8   0x00000078   Code   RO         5999    i.ist8310_init      ist8310driver.o
    0x08004040   0x08004040   0x00000054   Code   RO         6000    i.ist8310_read_mag  ist8310driver.o
    0x08004094   0x08004094   0x00000042   Code   RO           16    i.main              main.o
    0x080040d6   0x080040d6   0x0000000c   Code   RO         5153    i.makeFreeRtosPriority  cmsis_os.o
    0x080040e2   0x080040e2   0x00000002   PAD
    0x080040e4   0x080040e4   0x000000b8   Code   RO         5802    i.motor             gotask.o
    0x0800419c   0x0800419c   0x0000000e   Code   RO         5155    i.osDelay           cmsis_os.o
    0x080041aa   0x080041aa   0x0000000a   Code   RO         5158    i.osKernelStart     cmsis_os.o
    0x080041b4   0x080041b4   0x00000054   Code   RO         5192    i.osThreadCreate    cmsis_os.o
    0x08004208   0x08004208   0x00000070   Code   RO         4835    i.prvAddCurrentTaskToDelayedList  tasks.o
    0x08004278   0x08004278   0x000000d0   Code   RO         4836    i.prvAddNewTaskToReadyList  tasks.o
    0x08004348   0x08004348   0x00000034   Code   RO         4837    i.prvDeleteTCB      tasks.o
    0x0800437c   0x0800437c   0x0000004c   Code   RO         5520    i.prvHeapInit       heap_4.o
    0x080043c8   0x080043c8   0x00000060   Code   RO         4838    i.prvIdleTask       tasks.o
    0x08004428   0x08004428   0x00000098   Code   RO         4839    i.prvInitialiseNewTask  tasks.o
    0x080044c0   0x080044c0   0x0000004c   Code   RO         5521    i.prvInsertBlockIntoFreeList  heap_4.o
    0x0800450c   0x0800450c   0x00000020   Code   RO         4840    i.prvResetNextTaskUnblockTime  tasks.o
    0x0800452c   0x0800452c   0x00000028   Code   RO         5589    i.prvTaskExitError  port.o
    0x08004554   0x08004554   0x000000dc   Code   RO         5522    i.pvPortMalloc      heap_4.o
    0x08004630   0x08004630   0x0000002c   Code   RO         5590    i.pxPortInitialiseStack  port.o
    0x0800465c   0x0800465c   0x00000014   Code   RO         5870    i.raiseup           servo.o
    0x08004670   0x08004670   0x00000038   Code   RO         5943    i.readdata          getdatatask.o
    0x080046a8   0x080046a8   0x0000001c   Code   RO         5871    i.servo_init        servo.o
    0x080046c4   0x080046c4   0x00000026   Code   RO         4471    i.uxListRemove      list.o
    0x080046ea   0x080046ea   0x00000002   PAD
    0x080046ec   0x080046ec   0x00000014   Code   RO          277    i.vApplicationGetIdleTaskMemory  freertos.o
    0x08004700   0x08004700   0x00000016   Code   RO         4472    i.vListInitialise   list.o
    0x08004716   0x08004716   0x00000006   Code   RO         4473    i.vListInitialiseItem  list.o
    0x0800471c   0x0800471c   0x00000030   Code   RO         4474    i.vListInsert       list.o
    0x0800474c   0x0800474c   0x00000018   Code   RO         4475    i.vListInsertEnd    list.o
    0x08004764   0x08004764   0x00000040   Code   RO         5592    i.vPortEnterCritical  port.o
    0x080047a4   0x080047a4   0x00000028   Code   RO         5593    i.vPortExitCritical  port.o
    0x080047cc   0x080047cc   0x00000064   Code   RO         5523    i.vPortFree         heap_4.o
    0x08004830   0x08004830   0x00000024   Code   RO         5594    i.vPortSetupTimerInterrupt  port.o
    0x08004854   0x08004854   0x0000004c   Code   RO         4849    i.vTaskDelay        tasks.o
    0x080048a0   0x080048a0   0x0000006c   Code   RO         4862    i.vTaskStartScheduler  tasks.o
    0x0800490c   0x0800490c   0x00000010   Code   RO         4864    i.vTaskSuspendAll   tasks.o
    0x0800491c   0x0800491c   0x0000005c   Code   RO         4865    i.vTaskSwitchContext  tasks.o
    0x08004978   0x08004978   0x000000f4   Code   RO         5596    i.xPortStartScheduler  port.o
    0x08004a6c   0x08004a6c   0x0000005a   Code   RO         4868    i.xTaskCreate       tasks.o
    0x08004ac6   0x08004ac6   0x00000056   Code   RO         4869    i.xTaskCreateStatic  tasks.o
    0x08004b1c   0x08004b1c   0x000000cc   Code   RO         4876    i.xTaskIncrementTick  tasks.o
    0x08004be8   0x08004be8   0x000000c4   Code   RO         4882    i.xTaskResumeAll    tasks.o
    0x08004cac   0x08004cac   0x00000018   Code   RO         6218    x$fpl$basic         fz_wm.l(basic.o)
    0x08004cc4   0x08004cc4   0x00000062   Code   RO         6220    x$fpl$d2f           fz_wm.l(d2f.o)
    0x08004d26   0x08004d26   0x00000002   PAD
    0x08004d28   0x08004d28   0x00000150   Code   RO         6222    x$fpl$dadd          fz_wm.l(daddsub_clz.o)
    0x08004e78   0x08004e78   0x00000018   Code   RO         6253    x$fpl$dcmpinf       fz_wm.l(dcmpi.o)
    0x08004e90   0x08004e90   0x0000005e   Code   RO         6228    x$fpl$dfix          fz_wm.l(dfix.o)
    0x08004eee   0x08004eee   0x0000002e   Code   RO         6233    x$fpl$dflt          fz_wm.l(dflt_clz.o)
    0x08004f1c   0x08004f1c   0x00000078   Code   RO         6238    x$fpl$dleqf         fz_wm.l(dleqf.o)
    0x08004f94   0x08004f94   0x00000154   Code   RO         6240    x$fpl$dmul          fz_wm.l(dmul.o)
    0x080050e8   0x080050e8   0x0000009c   Code   RO         6255    x$fpl$dnaninf       fz_wm.l(dnaninf.o)
    0x08005184   0x08005184   0x0000000c   Code   RO         6257    x$fpl$dretinf       fz_wm.l(dretinf.o)
    0x08005190   0x08005190   0x0000006c   Code   RO         6242    x$fpl$drleqf        fz_wm.l(drleqf.o)
    0x080051fc   0x080051fc   0x000001d4   Code   RO         6224    x$fpl$dsub          fz_wm.l(daddsub_clz.o)
    0x080053d0   0x080053d0   0x0000000a   Code   RO         6366    x$fpl$fpinit        fz_wm.l(fpinit.o)
    0x080053da   0x080053da   0x0000000a   Code   RO         6261    x$fpl$fretinf       fz_wm.l(fretinf.o)
    0x080053e4   0x080053e4   0x00000000   Code   RO         6263    x$fpl$usenofp       fz_wm.l(usenofp.o)
    0x080053e4   0x080053e4   0x00000070   Data   RO          279    .constdata          freertos.o
    0x08005454   0x08005454   0x00000008   Data   RO         1530    .constdata          stm32f4xx_hal_dma.o
    0x0800545c   0x0800545c   0x00000010   Data   RO         4334    .constdata          system_stm32f4xx.o
    0x0800546c   0x0800546c   0x00000008   Data   RO         4335    .constdata          system_stm32f4xx.o
    0x08005474   0x08005474   0x0000000c   Data   RO         6003    .constdata          ist8310driver.o
    0x08005480   0x08005480   0x00000030   Data   RO          280    .conststring        freertos.o
    0x080054b0   0x080054b0   0x00000020   Data   RO         6424    Region$$Table       anon$$obj.o


    Execution Region RW_IRAM2 (Exec base: 0x10000000, Load base: 0x080055c4, Size: 0x00000000, Max: 0x00010000, ABSOLUTE)

    **** No section assigned to this execution region ****


    Execution Region RW_IRAM1 (Exec base: 0x20000000, Load base: 0x080054d0, Size: 0x00005568, Max: 0x00030000, ABSOLUTE)

    Exec Addr    Load Addr    Size         Type   Attr      Idx    E Section Name        Object

    0x20000000   0x080054d0   0x00000010   Data   RW          281    .data               freertos.o
    0x20000010   0x080054e0   0x0000000c   Data   RW         1977    .data               stm32f4xx_hal.o
    0x2000001c   0x080054ec   0x00000004   Data   RW         4336    .data               system_stm32f4xx.o
    0x20000020   0x080054f0   0x0000003c   Data   RW         4885    .data               tasks.o
    0x2000005c   0x0800552c   0x00000020   Data   RW         5529    .data               heap_4.o
    0x2000007c   0x0800554c   0x0000000c   Data   RW         5597    .data               port.o
    0x20000088   0x08005558   0x00000009   Data   RW         5673    .data               motor.o
    0x20000091   0x08005561   0x00000003   PAD
    0x20000094   0x08005564   0x00000014   Data   RW         5807    .data               gotask.o
    0x200000a8   0x08005578   0x00000004   Data   RW         5808    .data               gotask.o
    0x200000ac   0x0800557c   0x00000010   Data   RW         5873    .data               servo.o
    0x200000bc   0x0800558c   0x00000004   Data   RW         5920    .data               handtask.o
    0x200000c0   0x08005590   0x00000030   Data   RW         5944    .data               getdatatask.o
    0x200000f0   0x080055c0   0x00000004   Data   RW         6004    .data               ist8310driver.o
    0x200000f4        -       0x00000254   Zero   RW          278    .bss                freertos.o
    0x20000348        -       0x00000028   Zero   RW          352    .bss                can.o
    0x20000370        -       0x00000054   Zero   RW          418    .bss                i2c.o
    0x200003c4        -       0x00000058   Zero   RW          460    .bss                spi.o
    0x2000041c        -       0x00000090   Zero   RW          506    .bss                tim.o
    0x200004ac        -       0x000000a4   Zero   RW          568    .bss                usart.o
    0x20000550        -       0x00000048   Zero   RW          734    .bss                stm32f4xx_hal_timebase_tim.o
    0x20000598        -       0x000000f0   Zero   RW         4884    .bss                tasks.o
    0x20000688        -       0x00003c00   Zero   RW         5528    .bss                heap_4.o
    0x20004288        -       0x00000060   Zero   RW         5672    .bss                motor.o
    0x200042e8        -       0x00000be0   Zero   RW         5731    .bss                pid.o
    0x20004ec8        -       0x00000030   Zero   RW         5805    .bss                gotask.o
    0x20004ef8        -       0x0000000c   Zero   RW         6002    .bss                ist8310driver.o
    0x20004f04        -       0x00000060   Zero   RW         6296    .bss                c_w.l(libspace.o)
    0x20004f64   0x080055c4   0x00000004   PAD
    0x20004f68        -       0x00000200   Zero   RW            2    HEAP                startup_stm32f427xx.o
    0x20005168        -       0x00000400   Zero   RW            1    STACK               startup_stm32f427xx.o


==============================================================================

Image component sizes


      Code (inc. data)   RO Data    RW Data    ZI Data      Debug   Object Name

       204         24          0          0         40       1625   can.o
       120          0          0          0          0      23109   cmsis_os.o
        44          4          0          0          0        734   dma.o
         0          0          0          0          0      16804   event_groups.o
       176         12        160         16        596       4118   freertos.o
       304         44          0         48          0       2730   getdatatask.o
       220         20          0         24         48       3605   gotask.o
       392         28          0          0          0       1155   gpio.o
        36          6          0          4          0        647   handtask.o
       472         24          0         32      15360       7271   heap_4.o
       216         28          0          0         84       1657   i2c.o
       244         18         12          4         12     625130   ist8310driver.o
       196         30          0          0          0       5166   ist8310driver_middleware.o
       138          0          0          0          0       3422   list.o
       250         16          0          0          0     800176   main.o
       228         32          0          9         96       3611   motor.o
      2258        328          0          0       3040       5179   pid.o
       702         72          0         12          0      10772   port.o
        68         22          0         16          0       1581   servo.o
       176         22          0          0         88       1609   spi.o
        64         26        428          0       1536        824   startup_stm32f427xx.o
       116         18          0         12          0       8726   stm32f4xx_hal.o
      1658          6          0          0          0      13859   stm32f4xx_hal_can.o
       158         14          0          0          0      33054   stm32f4xx_hal_cortex.o
       752         16          8          0          0       3968   stm32f4xx_hal_dma.o
       608         60          0          0          0       3394   stm32f4xx_hal_gpio.o
      2174         52          0          0          0      12718   stm32f4xx_hal_i2c.o
       128          0          0          0          0       1799   stm32f4xx_hal_i2c_ex.o
        56          4          0          0          0        826   stm32f4xx_hal_msp.o
       112         14          0          0          0       1248   stm32f4xx_hal_pwr_ex.o
      1412         86          0          0          0       5757   stm32f4xx_hal_rcc.o
       188          0          0          0          0       1155   stm32f4xx_hal_spi.o
      1692        136          0          0          0      12652   stm32f4xx_hal_tim.o
       148         28          0          0          0       2373   stm32f4xx_hal_tim_ex.o
       116         16          0          0         72       1359   stm32f4xx_hal_timebase_tim.o
       366         10          0          0          0       1972   stm32f4xx_hal_uart.o
        90         36          0          0          0       5828   stm32f4xx_it.o
         0          0          0          0          0        384   stream_buffer.o
        16          4         24          4          0       1067   system_stm32f4xx.o
      1520        112          0         60        240      19134   tasks.o
       436         52          0          0        144       3423   tim.o
       224         34          0          0        164       1717   usart.o

    ----------------------------------------------------------------------
     18502       1454        664        244      21520    1657338   Object Totals
         0          0         32          0          0          0   (incl. Generated)
        24          0          0          3          0          0   (incl. Padding)

    ----------------------------------------------------------------------

      Code (inc. data)   RO Data    RW Data    ZI Data      Debug   Library Member Name

         8          0          0          0          0         68   __main.o
         0          0          0          0          0          0   __rtentry.o
        12          0          0          0          0          0   __rtentry2.o
         6          0          0          0          0          0   __rtentry4.o
        52          8          0          0          0          0   __scatter.o
        26          0          0          0          0          0   __scatter_copy.o
        28          0          0          0          0          0   __scatter_zi.o
        18          0          0          0          0         80   exit.o
         6          0          0          0          0        152   heapauxi.o
         0          0          0          0          0          0   indicate_semi.o
         2          0          0          0          0          0   libinit.o
         6          0          0          0          0          0   libinit2.o
         2          0          0          0          0          0   libshutdown.o
         2          0          0          0          0          0   libshutdown2.o
         8          4          0          0         96         68   libspace.o
       238          0          0          0          0        100   lludivv7m.o
        78          0          0          0          0         80   rt_memclr_w.o
       100          0          0          0          0         80   rt_memcpy_w.o
         2          0          0          0          0          0   rtexit.o
        10          0          0          0          0          0   rtexit2.o
        12          4          0          0          0         68   sys_exit.o
        74          0          0          0          0         80   sys_stackheap_outer.o
         2          0          0          0          0         68   use_no_semi.o
        24          0          0          0          0        164   basic.o
        98          4          0          0          0        140   d2f.o
       804         16          0          0          0        368   daddsub_clz.o
        24          0          0          0          0        116   dcmpi.o
        94          4          0          0          0        140   dfix.o
        46          0          0          0          0        116   dflt_clz.o
       120          4          0          0          0        140   dleqf.o
       340         12          0          0          0        152   dmul.o
       156          4          0          0          0        140   dnaninf.o
        12          0          0          0          0        116   dretinf.o
       108          0          0          0          0        128   drleqf.o
        10          0          0          0          0        116   fpinit.o
        10          0          0          0          0        116   fretinf.o
         0          0          0          0          0          0   usenofp.o

    ----------------------------------------------------------------------
      2546         60          0          0        100       2796   Library Totals
         8          0          0          0          4          0   (incl. Padding)

    ----------------------------------------------------------------------

      Code (inc. data)   RO Data    RW Data    ZI Data      Debug   Library Name

       692         16          0          0         96        844   c_w.l
      1846         44          0          0          0       1952   fz_wm.l

    ----------------------------------------------------------------------
      2546         60          0          0        100       2796   Library Totals

    ----------------------------------------------------------------------

==============================================================================


      Code (inc. data)   RO Data    RW Data    ZI Data      Debug   

     21048       1514        664        244      21620    1641122   Grand Totals
     21048       1514        664        244      21620    1641122   ELF Image Totals
     21048       1514        664        244          0          0   ROM Totals

==============================================================================

    Total RO  Size (Code + RO Data)                21712 (  21.20kB)
    Total RW  Size (RW Data + ZI Data)             21864 (  21.35kB)
    Total ROM Size (Code + RO Data + RW Data)      21956 (  21.44kB)

==============================================================================

